D:/Embedded/STM32F446RE/workspace/Project-2/Library/stm32446tim6and7.c:44:6:STM32446Tim6Clock	16	static
D:/Embedded/STM32F446RE/workspace/Project-2/Library/stm32446tim6and7.c:48:6:STM32446Tim6Nvic	16	static
D:/Embedded/STM32F446RE/workspace/Project-2/Library/stm32446tim6and7.c:56:6:STM32446Tim6_set_apre	16	static
D:/Embedded/STM32F446RE/workspace/Project-2/Library/stm32446tim6and7.c:60:6:STM32446Tim6_set_opm	16	static
D:/Embedded/STM32F446RE/workspace/Project-2/Library/stm32446tim6and7.c:64:6:STM32446Tim6_set_urs	16	static
D:/Embedded/STM32F446RE/workspace/Project-2/Library/stm32446tim6and7.c:68:6:STM32446Tim6_set_udis	16	static
D:/Embedded/STM32F446RE/workspace/Project-2/Library/stm32446tim6and7.c:72:6:STM32446Tim6_cen	16	static
D:/Embedded/STM32F446RE/workspace/Project-2/Library/stm32446tim6and7.c:77:6:STM32446Tim6_mms	16	static
D:/Embedded/STM32F446RE/workspace/Project-2/Library/stm32446tim6and7.c:82:6:STM32446Tim6_ude	16	static
D:/Embedded/STM32F446RE/workspace/Project-2/Library/stm32446tim6and7.c:86:6:STM32446Tim6_uie	16	static
D:/Embedded/STM32F446RE/workspace/Project-2/Library/stm32446tim6and7.c:91:9:STM32446Tim6_uif	8	static
D:/Embedded/STM32F446RE/workspace/Project-2/Library/stm32446tim6and7.c:95:6:STM32446Tim6_clear_uif	8	static
D:/Embedded/STM32F446RE/workspace/Project-2/Library/stm32446tim6and7.c:100:6:STM32446Tim6_ug	8	static
D:/Embedded/STM32F446RE/workspace/Project-2/Library/stm32446tim6and7.c:105:6:STM32446Tim6_cnt	16	static
D:/Embedded/STM32F446RE/workspace/Project-2/Library/stm32446tim6and7.c:109:10:STM32446Tim6_get_cnt	4	static
D:/Embedded/STM32F446RE/workspace/Project-2/Library/stm32446tim6and7.c:114:6:STM32446Tim6_psc	16	static
D:/Embedded/STM32F446RE/workspace/Project-2/Library/stm32446tim6and7.c:119:6:STM32446Tim6_arr	16	static
D:/Embedded/STM32F446RE/workspace/Project-2/Library/stm32446tim6and7.c:126:6:STM32446Tim7Clock	16	static
D:/Embedded/STM32F446RE/workspace/Project-2/Library/stm32446tim6and7.c:130:6:STM32446Tim7Nvic	16	static
D:/Embedded/STM32F446RE/workspace/Project-2/Library/stm32446tim6and7.c:138:6:STM32446Tim7_set_apre	16	static
D:/Embedded/STM32F446RE/workspace/Project-2/Library/stm32446tim6and7.c:142:6:STM32446Tim7_set_opm	16	static
D:/Embedded/STM32F446RE/workspace/Project-2/Library/stm32446tim6and7.c:146:6:STM32446Tim7_set_urs	16	static
D:/Embedded/STM32F446RE/workspace/Project-2/Library/stm32446tim6and7.c:150:6:STM32446Tim7_set_udis	16	static
D:/Embedded/STM32F446RE/workspace/Project-2/Library/stm32446tim6and7.c:154:6:STM32446Tim7_cen	16	static
D:/Embedded/STM32F446RE/workspace/Project-2/Library/stm32446tim6and7.c:159:6:STM32446Tim7_mms	16	static
D:/Embedded/STM32F446RE/workspace/Project-2/Library/stm32446tim6and7.c:164:6:STM32446Tim7_ude	16	static
D:/Embedded/STM32F446RE/workspace/Project-2/Library/stm32446tim6and7.c:168:6:STM32446Tim7_uie	16	static
D:/Embedded/STM32F446RE/workspace/Project-2/Library/stm32446tim6and7.c:173:9:STM32446Tim7_uif	8	static
D:/Embedded/STM32F446RE/workspace/Project-2/Library/stm32446tim6and7.c:177:6:STM32446Tim7_clear_uif	8	static
D:/Embedded/STM32F446RE/workspace/Project-2/Library/stm32446tim6and7.c:182:6:STM32446Tim7_ug	8	static
D:/Embedded/STM32F446RE/workspace/Project-2/Library/stm32446tim6and7.c:187:6:STM32446Tim7_cnt	16	static
D:/Embedded/STM32F446RE/workspace/Project-2/Library/stm32446tim6and7.c:191:10:STM32446Tim7_get_cnt	4	static
D:/Embedded/STM32F446RE/workspace/Project-2/Library/stm32446tim6and7.c:196:6:STM32446Tim7_psc	16	static
D:/Embedded/STM32F446RE/workspace/Project-2/Library/stm32446tim6and7.c:201:6:STM32446Tim7_arr	16	static
D:/Embedded/STM32F446RE/workspace/Project-2/Library/stm32446tim6and7.c:209:19:stm32446_tim6_cr1_inic	4	static
D:/Embedded/STM32F446RE/workspace/Project-2/Library/stm32446tim6and7.c:220:19:stm32446_tim6_cr2_inic	4	static
D:/Embedded/STM32F446RE/workspace/Project-2/Library/stm32446tim6and7.c:227:20:stm32446_tim6_dier_inic	4	static
D:/Embedded/STM32F446RE/workspace/Project-2/Library/stm32446tim6and7.c:235:18:stm32446_tim6_sr_inic	4	static
D:/Embedded/STM32F446RE/workspace/Project-2/Library/stm32446tim6and7.c:243:19:stm32446_tim6_egr_inic	4	static
D:/Embedded/STM32F446RE/workspace/Project-2/Library/stm32446tim6and7.c:251:17:tim6_enable	24	static
D:/Embedded/STM32F446RE/workspace/Project-2/Library/stm32446tim6and7.c:272:18:tim6	4	static
D:/Embedded/STM32F446RE/workspace/Project-2/Library/stm32446tim6and7.c:275:19:stm32446_tim7_cr1_inic	4	static
D:/Embedded/STM32F446RE/workspace/Project-2/Library/stm32446tim6and7.c:286:19:stm32446_tim7_cr2_inic	4	static
D:/Embedded/STM32F446RE/workspace/Project-2/Library/stm32446tim6and7.c:293:20:stm32446_tim7_dier_inic	4	static
D:/Embedded/STM32F446RE/workspace/Project-2/Library/stm32446tim6and7.c:301:18:stm32446_tim7_sr_inic	4	static
D:/Embedded/STM32F446RE/workspace/Project-2/Library/stm32446tim6and7.c:309:19:stm32446_tim7_egr_inic	4	static
D:/Embedded/STM32F446RE/workspace/Project-2/Library/stm32446tim6and7.c:317:17:tim7_enable	24	static
D:/Embedded/STM32F446RE/workspace/Project-2/Library/stm32446tim6and7.c:338:18:tim7	4	static
