D:/Embedded/STM32F446RE/workspace/Project-2/Library/stm32446tim9to14.c:104:6:STM32446Tim9Clock	16	static
D:/Embedded/STM32F446RE/workspace/Project-2/Library/stm32446tim9to14.c:108:6:STM32446Tim9Nvic	16	static
D:/Embedded/STM32F446RE/workspace/Project-2/Library/stm32446tim9to14.c:116:6:STM32446Tim9_ckd	16	static
D:/Embedded/STM32F446RE/workspace/Project-2/Library/stm32446tim9to14.c:120:9:STM32446Tim9_get_ckd	8	static
D:/Embedded/STM32F446RE/workspace/Project-2/Library/stm32446tim9to14.c:124:6:STM32446Tim9_set_apre	16	static
D:/Embedded/STM32F446RE/workspace/Project-2/Library/stm32446tim9to14.c:128:6:STM32446Tim9_set_opm	16	static
D:/Embedded/STM32F446RE/workspace/Project-2/Library/stm32446tim9to14.c:132:6:STM32446Tim9_set_urs	16	static
D:/Embedded/STM32F446RE/workspace/Project-2/Library/stm32446tim9to14.c:136:6:STM32446Tim9_set_udis	16	static
D:/Embedded/STM32F446RE/workspace/Project-2/Library/stm32446tim9to14.c:140:6:STM32446Tim9_cen	16	static
D:/Embedded/STM32F446RE/workspace/Project-2/Library/stm32446tim9to14.c:145:6:STM32446Tim9_msm	16	static
D:/Embedded/STM32F446RE/workspace/Project-2/Library/stm32446tim9to14.c:149:6:STM32446Tim9_ts	16	static
D:/Embedded/STM32F446RE/workspace/Project-2/Library/stm32446tim9to14.c:153:6:STM32446Tim9_sms	16	static
D:/Embedded/STM32F446RE/workspace/Project-2/Library/stm32446tim9to14.c:158:6:STM32446Tim9_tie	16	static
D:/Embedded/STM32F446RE/workspace/Project-2/Library/stm32446tim9to14.c:162:6:STM32446Tim9_cc2ie	16	static
D:/Embedded/STM32F446RE/workspace/Project-2/Library/stm32446tim9to14.c:166:6:STM32446Tim9_cc1ie	16	static
D:/Embedded/STM32F446RE/workspace/Project-2/Library/stm32446tim9to14.c:170:6:STM32446Tim9_uie	16	static
D:/Embedded/STM32F446RE/workspace/Project-2/Library/stm32446tim9to14.c:175:9:STM32446Tim9_cc2of	8	static
D:/Embedded/STM32F446RE/workspace/Project-2/Library/stm32446tim9to14.c:179:6:STM32446Tim9_clear_cc2of	8	static
D:/Embedded/STM32F446RE/workspace/Project-2/Library/stm32446tim9to14.c:183:9:STM32446Tim9_cc1of	8	static
D:/Embedded/STM32F446RE/workspace/Project-2/Library/stm32446tim9to14.c:187:6:STM32446Tim9_clear_cc1of	8	static
D:/Embedded/STM32F446RE/workspace/Project-2/Library/stm32446tim9to14.c:191:9:STM32446Tim9_tif	8	static
D:/Embedded/STM32F446RE/workspace/Project-2/Library/stm32446tim9to14.c:195:6:STM32446Tim9_clear_tif	8	static
D:/Embedded/STM32F446RE/workspace/Project-2/Library/stm32446tim9to14.c:199:9:STM32446Tim9_cc2if	8	static
D:/Embedded/STM32F446RE/workspace/Project-2/Library/stm32446tim9to14.c:203:6:STM32446Tim9_clear_cc2if	8	static
D:/Embedded/STM32F446RE/workspace/Project-2/Library/stm32446tim9to14.c:207:9:STM32446Tim9_cc1if	8	static
D:/Embedded/STM32F446RE/workspace/Project-2/Library/stm32446tim9to14.c:211:6:STM32446Tim9_clear_cc1if	8	static
D:/Embedded/STM32F446RE/workspace/Project-2/Library/stm32446tim9to14.c:215:9:STM32446Tim9_uif	8	static
D:/Embedded/STM32F446RE/workspace/Project-2/Library/stm32446tim9to14.c:219:6:STM32446Tim9_clear_uif	8	static
D:/Embedded/STM32F446RE/workspace/Project-2/Library/stm32446tim9to14.c:224:6:STM32446Tim9_tg	8	static
D:/Embedded/STM32F446RE/workspace/Project-2/Library/stm32446tim9to14.c:228:6:STM32446Tim9_cc2g	8	static
D:/Embedded/STM32F446RE/workspace/Project-2/Library/stm32446tim9to14.c:232:6:STM32446Tim9_cc1g	8	static
D:/Embedded/STM32F446RE/workspace/Project-2/Library/stm32446tim9to14.c:236:6:STM32446Tim9_ug	8	static
D:/Embedded/STM32F446RE/workspace/Project-2/Library/stm32446tim9to14.c:241:6:STM32446Tim9_oc2m	16	static
D:/Embedded/STM32F446RE/workspace/Project-2/Library/stm32446tim9to14.c:245:6:STM32446Tim9_ic2f	16	static
D:/Embedded/STM32F446RE/workspace/Project-2/Library/stm32446tim9to14.c:249:6:STM32446Tim9_oc2pe	16	static
D:/Embedded/STM32F446RE/workspace/Project-2/Library/stm32446tim9to14.c:253:6:STM32446Tim9_oc2fe	16	static
D:/Embedded/STM32F446RE/workspace/Project-2/Library/stm32446tim9to14.c:257:6:STM32446Tim9_ic2psc	16	static
D:/Embedded/STM32F446RE/workspace/Project-2/Library/stm32446tim9to14.c:261:6:STM32446Tim9_cc2s	16	static
D:/Embedded/STM32F446RE/workspace/Project-2/Library/stm32446tim9to14.c:265:6:STM32446Tim9_oc1m	16	static
D:/Embedded/STM32F446RE/workspace/Project-2/Library/stm32446tim9to14.c:269:6:STM32446Tim9_ic1f	16	static
D:/Embedded/STM32F446RE/workspace/Project-2/Library/stm32446tim9to14.c:273:6:STM32446Tim9_oc1pe	16	static
D:/Embedded/STM32F446RE/workspace/Project-2/Library/stm32446tim9to14.c:277:6:STM32446Tim9_oc1fe	16	static
D:/Embedded/STM32F446RE/workspace/Project-2/Library/stm32446tim9to14.c:281:6:STM32446Tim9_ic1psc	16	static
D:/Embedded/STM32F446RE/workspace/Project-2/Library/stm32446tim9to14.c:285:6:STM32446Tim9_cc1s	16	static
D:/Embedded/STM32F446RE/workspace/Project-2/Library/stm32446tim9to14.c:290:6:STM32446Tim9_cc2np	16	static
D:/Embedded/STM32F446RE/workspace/Project-2/Library/stm32446tim9to14.c:294:6:STM32446Tim9_cc2p	16	static
D:/Embedded/STM32F446RE/workspace/Project-2/Library/stm32446tim9to14.c:298:6:STM32446Tim9_cc2e	16	static
D:/Embedded/STM32F446RE/workspace/Project-2/Library/stm32446tim9to14.c:302:6:STM32446Tim9_cc1np	16	static
D:/Embedded/STM32F446RE/workspace/Project-2/Library/stm32446tim9to14.c:306:6:STM32446Tim9_cc1p	16	static
D:/Embedded/STM32F446RE/workspace/Project-2/Library/stm32446tim9to14.c:310:6:STM32446Tim9_cc1e	16	static
D:/Embedded/STM32F446RE/workspace/Project-2/Library/stm32446tim9to14.c:315:6:STM32446Tim9_cnt	16	static
D:/Embedded/STM32F446RE/workspace/Project-2/Library/stm32446tim9to14.c:319:10:STM32446Tim9_get_cnt	4	static
D:/Embedded/STM32F446RE/workspace/Project-2/Library/stm32446tim9to14.c:324:6:STM32446Tim9_arr	16	static
D:/Embedded/STM32F446RE/workspace/Project-2/Library/stm32446tim9to14.c:329:6:STM32446Tim9_ccr1	16	static
D:/Embedded/STM32F446RE/workspace/Project-2/Library/stm32446tim9to14.c:334:6:STM32446Tim9_ccr2	16	static
D:/Embedded/STM32F446RE/workspace/Project-2/Library/stm32446tim9to14.c:339:6:STM32446Tim9_psc	16	static
D:/Embedded/STM32F446RE/workspace/Project-2/Library/stm32446tim9to14.c:346:6:STM32446Tim10Clock	16	static
D:/Embedded/STM32F446RE/workspace/Project-2/Library/stm32446tim9to14.c:350:6:STM32446Tim10Nvic	16	static
D:/Embedded/STM32F446RE/workspace/Project-2/Library/stm32446tim9to14.c:358:6:STM32446Tim10_ckd	16	static
D:/Embedded/STM32F446RE/workspace/Project-2/Library/stm32446tim9to14.c:362:9:STM32446Tim10_get_ckd	8	static
D:/Embedded/STM32F446RE/workspace/Project-2/Library/stm32446tim9to14.c:366:6:STM32446Tim10_set_apre	16	static
D:/Embedded/STM32F446RE/workspace/Project-2/Library/stm32446tim9to14.c:370:6:STM32446Tim10_set_opm	16	static
D:/Embedded/STM32F446RE/workspace/Project-2/Library/stm32446tim9to14.c:374:6:STM32446Tim10_set_urs	16	static
D:/Embedded/STM32F446RE/workspace/Project-2/Library/stm32446tim9to14.c:378:6:STM32446Tim10_set_udis	16	static
D:/Embedded/STM32F446RE/workspace/Project-2/Library/stm32446tim9to14.c:382:6:STM32446Tim10_cen	16	static
D:/Embedded/STM32F446RE/workspace/Project-2/Library/stm32446tim9to14.c:387:6:STM32446Tim10_tie	16	static
D:/Embedded/STM32F446RE/workspace/Project-2/Library/stm32446tim9to14.c:391:6:STM32446Tim10_cc2ie	16	static
D:/Embedded/STM32F446RE/workspace/Project-2/Library/stm32446tim9to14.c:395:6:STM32446Tim10_cc1ie	16	static
D:/Embedded/STM32F446RE/workspace/Project-2/Library/stm32446tim9to14.c:399:6:STM32446Tim10_uie	16	static
D:/Embedded/STM32F446RE/workspace/Project-2/Library/stm32446tim9to14.c:404:9:STM32446Tim10_cc2of	8	static
D:/Embedded/STM32F446RE/workspace/Project-2/Library/stm32446tim9to14.c:408:6:STM32446Tim10_clear_cc2of	8	static
D:/Embedded/STM32F446RE/workspace/Project-2/Library/stm32446tim9to14.c:412:9:STM32446Tim10_cc1of	8	static
D:/Embedded/STM32F446RE/workspace/Project-2/Library/stm32446tim9to14.c:416:6:STM32446Tim10_clear_cc1of	8	static
D:/Embedded/STM32F446RE/workspace/Project-2/Library/stm32446tim9to14.c:420:9:STM32446Tim10_tif	8	static
D:/Embedded/STM32F446RE/workspace/Project-2/Library/stm32446tim9to14.c:424:6:STM32446Tim10_clear_tif	8	static
D:/Embedded/STM32F446RE/workspace/Project-2/Library/stm32446tim9to14.c:428:9:STM32446Tim10_cc2if	8	static
D:/Embedded/STM32F446RE/workspace/Project-2/Library/stm32446tim9to14.c:432:6:STM32446Tim10_clear_cc2if	8	static
D:/Embedded/STM32F446RE/workspace/Project-2/Library/stm32446tim9to14.c:436:9:STM32446Tim10_cc1if	8	static
D:/Embedded/STM32F446RE/workspace/Project-2/Library/stm32446tim9to14.c:440:6:STM32446Tim10_clear_cc1if	8	static
D:/Embedded/STM32F446RE/workspace/Project-2/Library/stm32446tim9to14.c:444:9:STM32446Tim10_uif	8	static
D:/Embedded/STM32F446RE/workspace/Project-2/Library/stm32446tim9to14.c:448:6:STM32446Tim10_clear_uif	8	static
D:/Embedded/STM32F446RE/workspace/Project-2/Library/stm32446tim9to14.c:453:6:STM32446Tim10_tg	8	static
D:/Embedded/STM32F446RE/workspace/Project-2/Library/stm32446tim9to14.c:457:6:STM32446Tim10_cc2g	8	static
D:/Embedded/STM32F446RE/workspace/Project-2/Library/stm32446tim9to14.c:461:6:STM32446Tim10_cc1g	8	static
D:/Embedded/STM32F446RE/workspace/Project-2/Library/stm32446tim9to14.c:465:6:STM32446Tim10_ug	8	static
D:/Embedded/STM32F446RE/workspace/Project-2/Library/stm32446tim9to14.c:470:6:STM32446Tim10_oc2m	16	static
D:/Embedded/STM32F446RE/workspace/Project-2/Library/stm32446tim9to14.c:474:6:STM32446Tim10_ic2f	16	static
D:/Embedded/STM32F446RE/workspace/Project-2/Library/stm32446tim9to14.c:478:6:STM32446Tim10_oc2pe	16	static
D:/Embedded/STM32F446RE/workspace/Project-2/Library/stm32446tim9to14.c:482:6:STM32446Tim10_oc2fe	16	static
D:/Embedded/STM32F446RE/workspace/Project-2/Library/stm32446tim9to14.c:486:6:STM32446Tim10_ic2psc	16	static
D:/Embedded/STM32F446RE/workspace/Project-2/Library/stm32446tim9to14.c:490:6:STM32446Tim10_cc2s	16	static
D:/Embedded/STM32F446RE/workspace/Project-2/Library/stm32446tim9to14.c:494:6:STM32446Tim10_oc1m	16	static
D:/Embedded/STM32F446RE/workspace/Project-2/Library/stm32446tim9to14.c:498:6:STM32446Tim10_ic1f	16	static
D:/Embedded/STM32F446RE/workspace/Project-2/Library/stm32446tim9to14.c:502:6:STM32446Tim10_oc1pe	16	static
D:/Embedded/STM32F446RE/workspace/Project-2/Library/stm32446tim9to14.c:506:6:STM32446Tim10_oc1fe	16	static
D:/Embedded/STM32F446RE/workspace/Project-2/Library/stm32446tim9to14.c:510:6:STM32446Tim10_ic1psc	16	static
D:/Embedded/STM32F446RE/workspace/Project-2/Library/stm32446tim9to14.c:514:6:STM32446Tim10_cc1s	16	static
D:/Embedded/STM32F446RE/workspace/Project-2/Library/stm32446tim9to14.c:519:6:STM32446Tim10_cc2np	16	static
D:/Embedded/STM32F446RE/workspace/Project-2/Library/stm32446tim9to14.c:523:6:STM32446Tim10_cc2p	16	static
D:/Embedded/STM32F446RE/workspace/Project-2/Library/stm32446tim9to14.c:527:6:STM32446Tim10_cc2e	16	static
D:/Embedded/STM32F446RE/workspace/Project-2/Library/stm32446tim9to14.c:531:6:STM32446Tim10_cc1np	16	static
D:/Embedded/STM32F446RE/workspace/Project-2/Library/stm32446tim9to14.c:535:6:STM32446Tim10_cc1p	16	static
D:/Embedded/STM32F446RE/workspace/Project-2/Library/stm32446tim9to14.c:539:6:STM32446Tim10_cc1e	16	static
D:/Embedded/STM32F446RE/workspace/Project-2/Library/stm32446tim9to14.c:544:6:STM32446Tim10_cnt	16	static
D:/Embedded/STM32F446RE/workspace/Project-2/Library/stm32446tim9to14.c:548:10:STM32446Tim10_get_cnt	4	static
D:/Embedded/STM32F446RE/workspace/Project-2/Library/stm32446tim9to14.c:553:6:STM32446Tim10_psc	16	static
D:/Embedded/STM32F446RE/workspace/Project-2/Library/stm32446tim9to14.c:558:6:STM32446Tim10_arr	16	static
D:/Embedded/STM32F446RE/workspace/Project-2/Library/stm32446tim9to14.c:563:6:STM32446Tim10_ccr1	16	static
D:/Embedded/STM32F446RE/workspace/Project-2/Library/stm32446tim9to14.c:568:6:STM32446Tim10_or	16	static
D:/Embedded/STM32F446RE/workspace/Project-2/Library/stm32446tim9to14.c:575:6:STM32446Tim11Clock	16	static
D:/Embedded/STM32F446RE/workspace/Project-2/Library/stm32446tim9to14.c:579:6:STM32446Tim11Nvic	16	static
D:/Embedded/STM32F446RE/workspace/Project-2/Library/stm32446tim9to14.c:587:6:STM32446Tim11_ckd	16	static
D:/Embedded/STM32F446RE/workspace/Project-2/Library/stm32446tim9to14.c:591:9:STM32446Tim11_get_ckd	8	static
D:/Embedded/STM32F446RE/workspace/Project-2/Library/stm32446tim9to14.c:595:6:STM32446Tim11_set_apre	16	static
D:/Embedded/STM32F446RE/workspace/Project-2/Library/stm32446tim9to14.c:599:6:STM32446Tim11_set_opm	16	static
D:/Embedded/STM32F446RE/workspace/Project-2/Library/stm32446tim9to14.c:603:6:STM32446Tim11_set_urs	16	static
D:/Embedded/STM32F446RE/workspace/Project-2/Library/stm32446tim9to14.c:607:6:STM32446Tim11_set_udis	16	static
D:/Embedded/STM32F446RE/workspace/Project-2/Library/stm32446tim9to14.c:611:6:STM32446Tim11_cen	16	static
D:/Embedded/STM32F446RE/workspace/Project-2/Library/stm32446tim9to14.c:616:6:STM32446Tim11_tie	16	static
D:/Embedded/STM32F446RE/workspace/Project-2/Library/stm32446tim9to14.c:620:6:STM32446Tim11_cc2ie	16	static
D:/Embedded/STM32F446RE/workspace/Project-2/Library/stm32446tim9to14.c:624:6:STM32446Tim11_cc1ie	16	static
D:/Embedded/STM32F446RE/workspace/Project-2/Library/stm32446tim9to14.c:628:6:STM32446Tim11_uie	16	static
D:/Embedded/STM32F446RE/workspace/Project-2/Library/stm32446tim9to14.c:633:9:STM32446Tim11_cc2of	8	static
D:/Embedded/STM32F446RE/workspace/Project-2/Library/stm32446tim9to14.c:637:6:STM32446Tim11_clear_cc2of	8	static
D:/Embedded/STM32F446RE/workspace/Project-2/Library/stm32446tim9to14.c:641:9:STM32446Tim11_cc1of	8	static
D:/Embedded/STM32F446RE/workspace/Project-2/Library/stm32446tim9to14.c:645:6:STM32446Tim11_clear_cc1of	8	static
D:/Embedded/STM32F446RE/workspace/Project-2/Library/stm32446tim9to14.c:649:9:STM32446Tim11_tif	8	static
D:/Embedded/STM32F446RE/workspace/Project-2/Library/stm32446tim9to14.c:653:6:STM32446Tim11_clear_tif	8	static
D:/Embedded/STM32F446RE/workspace/Project-2/Library/stm32446tim9to14.c:657:9:STM32446Tim11_cc2if	8	static
D:/Embedded/STM32F446RE/workspace/Project-2/Library/stm32446tim9to14.c:661:6:STM32446Tim11_clear_cc2if	8	static
D:/Embedded/STM32F446RE/workspace/Project-2/Library/stm32446tim9to14.c:665:9:STM32446Tim11_cc1if	8	static
D:/Embedded/STM32F446RE/workspace/Project-2/Library/stm32446tim9to14.c:669:6:STM32446Tim11_clear_cc1if	8	static
D:/Embedded/STM32F446RE/workspace/Project-2/Library/stm32446tim9to14.c:673:9:STM32446Tim11_uif	8	static
D:/Embedded/STM32F446RE/workspace/Project-2/Library/stm32446tim9to14.c:677:6:STM32446Tim11_clear_uif	8	static
D:/Embedded/STM32F446RE/workspace/Project-2/Library/stm32446tim9to14.c:682:6:STM32446Tim11_tg	8	static
D:/Embedded/STM32F446RE/workspace/Project-2/Library/stm32446tim9to14.c:686:6:STM32446Tim11_cc2g	8	static
D:/Embedded/STM32F446RE/workspace/Project-2/Library/stm32446tim9to14.c:690:6:STM32446Tim11_cc1g	8	static
D:/Embedded/STM32F446RE/workspace/Project-2/Library/stm32446tim9to14.c:694:6:STM32446Tim11_ug	8	static
D:/Embedded/STM32F446RE/workspace/Project-2/Library/stm32446tim9to14.c:699:6:STM32446Tim11_oc2m	16	static
D:/Embedded/STM32F446RE/workspace/Project-2/Library/stm32446tim9to14.c:703:6:STM32446Tim11_ic2f	16	static
D:/Embedded/STM32F446RE/workspace/Project-2/Library/stm32446tim9to14.c:707:6:STM32446Tim11_oc2pe	16	static
D:/Embedded/STM32F446RE/workspace/Project-2/Library/stm32446tim9to14.c:711:6:STM32446Tim11_oc2fe	16	static
D:/Embedded/STM32F446RE/workspace/Project-2/Library/stm32446tim9to14.c:715:6:STM32446Tim11_ic2psc	16	static
D:/Embedded/STM32F446RE/workspace/Project-2/Library/stm32446tim9to14.c:719:6:STM32446Tim11_cc2s	16	static
D:/Embedded/STM32F446RE/workspace/Project-2/Library/stm32446tim9to14.c:723:6:STM32446Tim11_oc1m	16	static
D:/Embedded/STM32F446RE/workspace/Project-2/Library/stm32446tim9to14.c:727:6:STM32446Tim11_ic1f	16	static
D:/Embedded/STM32F446RE/workspace/Project-2/Library/stm32446tim9to14.c:731:6:STM32446Tim11_oc1pe	16	static
D:/Embedded/STM32F446RE/workspace/Project-2/Library/stm32446tim9to14.c:735:6:STM32446Tim11_oc1fe	16	static
D:/Embedded/STM32F446RE/workspace/Project-2/Library/stm32446tim9to14.c:739:6:STM32446Tim11_ic1psc	16	static
D:/Embedded/STM32F446RE/workspace/Project-2/Library/stm32446tim9to14.c:743:6:STM32446Tim11_cc1s	16	static
D:/Embedded/STM32F446RE/workspace/Project-2/Library/stm32446tim9to14.c:748:6:STM32446Tim11_cc2np	16	static
D:/Embedded/STM32F446RE/workspace/Project-2/Library/stm32446tim9to14.c:752:6:STM32446Tim11_cc2p	16	static
D:/Embedded/STM32F446RE/workspace/Project-2/Library/stm32446tim9to14.c:756:6:STM32446Tim11_cc2e	16	static
D:/Embedded/STM32F446RE/workspace/Project-2/Library/stm32446tim9to14.c:760:6:STM32446Tim11_cc1np	16	static
D:/Embedded/STM32F446RE/workspace/Project-2/Library/stm32446tim9to14.c:764:6:STM32446Tim11_cc1p	16	static
D:/Embedded/STM32F446RE/workspace/Project-2/Library/stm32446tim9to14.c:768:6:STM32446Tim11_cc1e	16	static
D:/Embedded/STM32F446RE/workspace/Project-2/Library/stm32446tim9to14.c:773:6:STM32446Tim11_cnt	16	static
D:/Embedded/STM32F446RE/workspace/Project-2/Library/stm32446tim9to14.c:777:10:STM32446Tim11_get_cnt	4	static
D:/Embedded/STM32F446RE/workspace/Project-2/Library/stm32446tim9to14.c:782:6:STM32446Tim11_psc	16	static
D:/Embedded/STM32F446RE/workspace/Project-2/Library/stm32446tim9to14.c:787:6:STM32446Tim11_arr	16	static
D:/Embedded/STM32F446RE/workspace/Project-2/Library/stm32446tim9to14.c:792:6:STM32446Tim11_ccr1	16	static
D:/Embedded/STM32F446RE/workspace/Project-2/Library/stm32446tim9to14.c:797:6:STM32446Tim11_or	16	static
D:/Embedded/STM32F446RE/workspace/Project-2/Library/stm32446tim9to14.c:804:6:STM32446Tim12Clock	16	static
D:/Embedded/STM32F446RE/workspace/Project-2/Library/stm32446tim9to14.c:808:6:STM32446Tim12Nvic	16	static
D:/Embedded/STM32F446RE/workspace/Project-2/Library/stm32446tim9to14.c:816:6:STM32446Tim12_ckd	16	static
D:/Embedded/STM32F446RE/workspace/Project-2/Library/stm32446tim9to14.c:820:9:STM32446Tim12_get_ckd	8	static
D:/Embedded/STM32F446RE/workspace/Project-2/Library/stm32446tim9to14.c:824:6:STM32446Tim12_set_apre	16	static
D:/Embedded/STM32F446RE/workspace/Project-2/Library/stm32446tim9to14.c:828:6:STM32446Tim12_set_opm	16	static
D:/Embedded/STM32F446RE/workspace/Project-2/Library/stm32446tim9to14.c:832:6:STM32446Tim12_set_urs	16	static
D:/Embedded/STM32F446RE/workspace/Project-2/Library/stm32446tim9to14.c:836:6:STM32446Tim12_set_udis	16	static
D:/Embedded/STM32F446RE/workspace/Project-2/Library/stm32446tim9to14.c:840:6:STM32446Tim12_cen	16	static
D:/Embedded/STM32F446RE/workspace/Project-2/Library/stm32446tim9to14.c:845:6:STM32446Tim12_msm	16	static
D:/Embedded/STM32F446RE/workspace/Project-2/Library/stm32446tim9to14.c:849:6:STM32446Tim12_ts	16	static
D:/Embedded/STM32F446RE/workspace/Project-2/Library/stm32446tim9to14.c:853:6:STM32446Tim12_sms	16	static
D:/Embedded/STM32F446RE/workspace/Project-2/Library/stm32446tim9to14.c:858:6:STM32446Tim12_tie	16	static
D:/Embedded/STM32F446RE/workspace/Project-2/Library/stm32446tim9to14.c:862:6:STM32446Tim12_cc2ie	16	static
D:/Embedded/STM32F446RE/workspace/Project-2/Library/stm32446tim9to14.c:866:6:STM32446Tim12_cc1ie	16	static
D:/Embedded/STM32F446RE/workspace/Project-2/Library/stm32446tim9to14.c:870:6:STM32446Tim12_uie	16	static
D:/Embedded/STM32F446RE/workspace/Project-2/Library/stm32446tim9to14.c:875:9:STM32446Tim12_cc2of	8	static
D:/Embedded/STM32F446RE/workspace/Project-2/Library/stm32446tim9to14.c:879:6:STM32446Tim12_clear_cc2of	8	static
D:/Embedded/STM32F446RE/workspace/Project-2/Library/stm32446tim9to14.c:883:9:STM32446Tim12_cc1of	8	static
D:/Embedded/STM32F446RE/workspace/Project-2/Library/stm32446tim9to14.c:887:6:STM32446Tim12_clear_cc1of	8	static
D:/Embedded/STM32F446RE/workspace/Project-2/Library/stm32446tim9to14.c:891:9:STM32446Tim12_tif	8	static
D:/Embedded/STM32F446RE/workspace/Project-2/Library/stm32446tim9to14.c:895:6:STM32446Tim12_clear_tif	8	static
D:/Embedded/STM32F446RE/workspace/Project-2/Library/stm32446tim9to14.c:899:9:STM32446Tim12_cc2if	8	static
D:/Embedded/STM32F446RE/workspace/Project-2/Library/stm32446tim9to14.c:903:6:STM32446Tim12_clear_cc2if	8	static
D:/Embedded/STM32F446RE/workspace/Project-2/Library/stm32446tim9to14.c:907:9:STM32446Tim12_cc1if	8	static
D:/Embedded/STM32F446RE/workspace/Project-2/Library/stm32446tim9to14.c:911:6:STM32446Tim12_clear_cc1if	8	static
D:/Embedded/STM32F446RE/workspace/Project-2/Library/stm32446tim9to14.c:915:9:STM32446Tim12_uif	8	static
D:/Embedded/STM32F446RE/workspace/Project-2/Library/stm32446tim9to14.c:919:6:STM32446Tim12_clear_uif	8	static
D:/Embedded/STM32F446RE/workspace/Project-2/Library/stm32446tim9to14.c:924:6:STM32446Tim12_tg	8	static
D:/Embedded/STM32F446RE/workspace/Project-2/Library/stm32446tim9to14.c:928:6:STM32446Tim12_cc2g	8	static
D:/Embedded/STM32F446RE/workspace/Project-2/Library/stm32446tim9to14.c:932:6:STM32446Tim12_cc1g	8	static
D:/Embedded/STM32F446RE/workspace/Project-2/Library/stm32446tim9to14.c:936:6:STM32446Tim12_ug	8	static
D:/Embedded/STM32F446RE/workspace/Project-2/Library/stm32446tim9to14.c:941:6:STM32446Tim12_oc2m	16	static
D:/Embedded/STM32F446RE/workspace/Project-2/Library/stm32446tim9to14.c:945:6:STM32446Tim12_ic2f	16	static
D:/Embedded/STM32F446RE/workspace/Project-2/Library/stm32446tim9to14.c:949:6:STM32446Tim12_oc2pe	16	static
D:/Embedded/STM32F446RE/workspace/Project-2/Library/stm32446tim9to14.c:953:6:STM32446Tim12_oc2fe	16	static
D:/Embedded/STM32F446RE/workspace/Project-2/Library/stm32446tim9to14.c:957:6:STM32446Tim12_ic2psc	16	static
D:/Embedded/STM32F446RE/workspace/Project-2/Library/stm32446tim9to14.c:961:6:STM32446Tim12_cc2s	16	static
D:/Embedded/STM32F446RE/workspace/Project-2/Library/stm32446tim9to14.c:965:6:STM32446Tim12_oc1m	16	static
D:/Embedded/STM32F446RE/workspace/Project-2/Library/stm32446tim9to14.c:969:6:STM32446Tim12_ic1f	16	static
D:/Embedded/STM32F446RE/workspace/Project-2/Library/stm32446tim9to14.c:973:6:STM32446Tim12_oc1pe	16	static
D:/Embedded/STM32F446RE/workspace/Project-2/Library/stm32446tim9to14.c:977:6:STM32446Tim12_oc1fe	16	static
D:/Embedded/STM32F446RE/workspace/Project-2/Library/stm32446tim9to14.c:981:6:STM32446Tim12_ic1psc	16	static
D:/Embedded/STM32F446RE/workspace/Project-2/Library/stm32446tim9to14.c:985:6:STM32446Tim12_cc1s	16	static
D:/Embedded/STM32F446RE/workspace/Project-2/Library/stm32446tim9to14.c:990:6:STM32446Tim12_cc2np	16	static
D:/Embedded/STM32F446RE/workspace/Project-2/Library/stm32446tim9to14.c:994:6:STM32446Tim12_cc2p	16	static
D:/Embedded/STM32F446RE/workspace/Project-2/Library/stm32446tim9to14.c:998:6:STM32446Tim12_cc2e	16	static
D:/Embedded/STM32F446RE/workspace/Project-2/Library/stm32446tim9to14.c:1002:6:STM32446Tim12_cc1np	16	static
D:/Embedded/STM32F446RE/workspace/Project-2/Library/stm32446tim9to14.c:1006:6:STM32446Tim12_cc1p	16	static
D:/Embedded/STM32F446RE/workspace/Project-2/Library/stm32446tim9to14.c:1010:6:STM32446Tim12_cc1e	16	static
D:/Embedded/STM32F446RE/workspace/Project-2/Library/stm32446tim9to14.c:1015:6:STM32446Tim12_cnt	16	static
D:/Embedded/STM32F446RE/workspace/Project-2/Library/stm32446tim9to14.c:1019:10:STM32446Tim12_get_cnt	4	static
D:/Embedded/STM32F446RE/workspace/Project-2/Library/stm32446tim9to14.c:1024:6:STM32446Tim12_arr	16	static
D:/Embedded/STM32F446RE/workspace/Project-2/Library/stm32446tim9to14.c:1029:6:STM32446Tim12_ccr1	16	static
D:/Embedded/STM32F446RE/workspace/Project-2/Library/stm32446tim9to14.c:1034:6:STM32446Tim12_ccr2	16	static
D:/Embedded/STM32F446RE/workspace/Project-2/Library/stm32446tim9to14.c:1039:6:STM32446Tim12_psc	16	static
D:/Embedded/STM32F446RE/workspace/Project-2/Library/stm32446tim9to14.c:1046:6:STM32446Tim13Clock	16	static
D:/Embedded/STM32F446RE/workspace/Project-2/Library/stm32446tim9to14.c:1054:6:STM32446Tim13Nvic	16	static
D:/Embedded/STM32F446RE/workspace/Project-2/Library/stm32446tim9to14.c:1062:6:STM32446Tim13_ckd	16	static
D:/Embedded/STM32F446RE/workspace/Project-2/Library/stm32446tim9to14.c:1066:9:STM32446Tim13_get_ckd	8	static
D:/Embedded/STM32F446RE/workspace/Project-2/Library/stm32446tim9to14.c:1070:6:STM32446Tim13_set_apre	16	static
D:/Embedded/STM32F446RE/workspace/Project-2/Library/stm32446tim9to14.c:1074:6:STM32446Tim13_set_opm	16	static
D:/Embedded/STM32F446RE/workspace/Project-2/Library/stm32446tim9to14.c:1078:6:STM32446Tim13_set_urs	16	static
D:/Embedded/STM32F446RE/workspace/Project-2/Library/stm32446tim9to14.c:1082:6:STM32446Tim13_set_udis	16	static
D:/Embedded/STM32F446RE/workspace/Project-2/Library/stm32446tim9to14.c:1086:6:STM32446Tim13_cen	16	static
D:/Embedded/STM32F446RE/workspace/Project-2/Library/stm32446tim9to14.c:1091:6:STM32446Tim13_tie	16	static
D:/Embedded/STM32F446RE/workspace/Project-2/Library/stm32446tim9to14.c:1095:6:STM32446Tim13_cc2ie	16	static
D:/Embedded/STM32F446RE/workspace/Project-2/Library/stm32446tim9to14.c:1099:6:STM32446Tim13_cc1ie	16	static
D:/Embedded/STM32F446RE/workspace/Project-2/Library/stm32446tim9to14.c:1103:6:STM32446Tim13_uie	16	static
D:/Embedded/STM32F446RE/workspace/Project-2/Library/stm32446tim9to14.c:1108:9:STM32446Tim13_cc2of	8	static
D:/Embedded/STM32F446RE/workspace/Project-2/Library/stm32446tim9to14.c:1112:6:STM32446Tim13_clear_cc2of	8	static
D:/Embedded/STM32F446RE/workspace/Project-2/Library/stm32446tim9to14.c:1116:9:STM32446Tim13_cc1of	8	static
D:/Embedded/STM32F446RE/workspace/Project-2/Library/stm32446tim9to14.c:1120:6:STM32446Tim13_clear_cc1of	8	static
D:/Embedded/STM32F446RE/workspace/Project-2/Library/stm32446tim9to14.c:1124:9:STM32446Tim13_tif	8	static
D:/Embedded/STM32F446RE/workspace/Project-2/Library/stm32446tim9to14.c:1128:6:STM32446Tim13_clear_tif	8	static
D:/Embedded/STM32F446RE/workspace/Project-2/Library/stm32446tim9to14.c:1132:9:STM32446Tim13_cc2if	8	static
D:/Embedded/STM32F446RE/workspace/Project-2/Library/stm32446tim9to14.c:1136:6:STM32446Tim13_clear_cc2if	8	static
D:/Embedded/STM32F446RE/workspace/Project-2/Library/stm32446tim9to14.c:1140:9:STM32446Tim13_cc1if	8	static
D:/Embedded/STM32F446RE/workspace/Project-2/Library/stm32446tim9to14.c:1144:6:STM32446Tim13_clear_cc1if	8	static
D:/Embedded/STM32F446RE/workspace/Project-2/Library/stm32446tim9to14.c:1148:9:STM32446Tim13_uif	8	static
D:/Embedded/STM32F446RE/workspace/Project-2/Library/stm32446tim9to14.c:1152:6:STM32446Tim13_clear_uif	8	static
D:/Embedded/STM32F446RE/workspace/Project-2/Library/stm32446tim9to14.c:1157:6:STM32446Tim13_tg	8	static
D:/Embedded/STM32F446RE/workspace/Project-2/Library/stm32446tim9to14.c:1161:6:STM32446Tim13_cc2g	8	static
D:/Embedded/STM32F446RE/workspace/Project-2/Library/stm32446tim9to14.c:1165:6:STM32446Tim13_cc1g	8	static
D:/Embedded/STM32F446RE/workspace/Project-2/Library/stm32446tim9to14.c:1169:6:STM32446Tim13_ug	8	static
D:/Embedded/STM32F446RE/workspace/Project-2/Library/stm32446tim9to14.c:1174:6:STM32446Tim13_oc2m	16	static
D:/Embedded/STM32F446RE/workspace/Project-2/Library/stm32446tim9to14.c:1178:6:STM32446Tim13_ic2f	16	static
D:/Embedded/STM32F446RE/workspace/Project-2/Library/stm32446tim9to14.c:1182:6:STM32446Tim13_oc2pe	16	static
D:/Embedded/STM32F446RE/workspace/Project-2/Library/stm32446tim9to14.c:1186:6:STM32446Tim13_oc2fe	16	static
D:/Embedded/STM32F446RE/workspace/Project-2/Library/stm32446tim9to14.c:1190:6:STM32446Tim13_ic2psc	16	static
D:/Embedded/STM32F446RE/workspace/Project-2/Library/stm32446tim9to14.c:1194:6:STM32446Tim13_cc2s	16	static
D:/Embedded/STM32F446RE/workspace/Project-2/Library/stm32446tim9to14.c:1198:6:STM32446Tim13_oc1m	16	static
D:/Embedded/STM32F446RE/workspace/Project-2/Library/stm32446tim9to14.c:1202:6:STM32446Tim13_ic1f	16	static
D:/Embedded/STM32F446RE/workspace/Project-2/Library/stm32446tim9to14.c:1206:6:STM32446Tim13_oc1pe	16	static
D:/Embedded/STM32F446RE/workspace/Project-2/Library/stm32446tim9to14.c:1210:6:STM32446Tim13_oc1fe	16	static
D:/Embedded/STM32F446RE/workspace/Project-2/Library/stm32446tim9to14.c:1214:6:STM32446Tim13_ic1psc	16	static
D:/Embedded/STM32F446RE/workspace/Project-2/Library/stm32446tim9to14.c:1218:6:STM32446Tim13_cc1s	16	static
D:/Embedded/STM32F446RE/workspace/Project-2/Library/stm32446tim9to14.c:1223:6:STM32446Tim13_cc2np	16	static
D:/Embedded/STM32F446RE/workspace/Project-2/Library/stm32446tim9to14.c:1227:6:STM32446Tim13_cc2p	16	static
D:/Embedded/STM32F446RE/workspace/Project-2/Library/stm32446tim9to14.c:1231:6:STM32446Tim13_cc2e	16	static
D:/Embedded/STM32F446RE/workspace/Project-2/Library/stm32446tim9to14.c:1235:6:STM32446Tim13_cc1np	16	static
D:/Embedded/STM32F446RE/workspace/Project-2/Library/stm32446tim9to14.c:1239:6:STM32446Tim13_cc1p	16	static
D:/Embedded/STM32F446RE/workspace/Project-2/Library/stm32446tim9to14.c:1243:6:STM32446Tim13_cc1e	16	static
D:/Embedded/STM32F446RE/workspace/Project-2/Library/stm32446tim9to14.c:1248:6:STM32446Tim13_cnt	16	static
D:/Embedded/STM32F446RE/workspace/Project-2/Library/stm32446tim9to14.c:1252:10:STM32446Tim13_get_cnt	4	static
D:/Embedded/STM32F446RE/workspace/Project-2/Library/stm32446tim9to14.c:1257:6:STM32446Tim13_psc	16	static
D:/Embedded/STM32F446RE/workspace/Project-2/Library/stm32446tim9to14.c:1262:6:STM32446Tim13_arr	16	static
D:/Embedded/STM32F446RE/workspace/Project-2/Library/stm32446tim9to14.c:1267:6:STM32446Tim13_ccr1	16	static
D:/Embedded/STM32F446RE/workspace/Project-2/Library/stm32446tim9to14.c:1272:6:STM32446Tim13_or	16	static
D:/Embedded/STM32F446RE/workspace/Project-2/Library/stm32446tim9to14.c:1279:6:STM32446Tim14Clock	16	static
D:/Embedded/STM32F446RE/workspace/Project-2/Library/stm32446tim9to14.c:1283:6:STM32446Tim14Nvic	16	static
D:/Embedded/STM32F446RE/workspace/Project-2/Library/stm32446tim9to14.c:1291:6:STM32446Tim14_ckd	16	static
D:/Embedded/STM32F446RE/workspace/Project-2/Library/stm32446tim9to14.c:1295:9:STM32446Tim14_get_ckd	8	static
D:/Embedded/STM32F446RE/workspace/Project-2/Library/stm32446tim9to14.c:1299:6:STM32446Tim14_set_apre	16	static
D:/Embedded/STM32F446RE/workspace/Project-2/Library/stm32446tim9to14.c:1303:6:STM32446Tim14_set_opm	16	static
D:/Embedded/STM32F446RE/workspace/Project-2/Library/stm32446tim9to14.c:1307:6:STM32446Tim14_set_urs	16	static
D:/Embedded/STM32F446RE/workspace/Project-2/Library/stm32446tim9to14.c:1311:6:STM32446Tim14_set_udis	16	static
D:/Embedded/STM32F446RE/workspace/Project-2/Library/stm32446tim9to14.c:1315:6:STM32446Tim14_cen	16	static
D:/Embedded/STM32F446RE/workspace/Project-2/Library/stm32446tim9to14.c:1320:6:STM32446Tim14_tie	16	static
D:/Embedded/STM32F446RE/workspace/Project-2/Library/stm32446tim9to14.c:1324:6:STM32446Tim14_cc2ie	16	static
D:/Embedded/STM32F446RE/workspace/Project-2/Library/stm32446tim9to14.c:1328:6:STM32446Tim14_cc1ie	16	static
D:/Embedded/STM32F446RE/workspace/Project-2/Library/stm32446tim9to14.c:1332:6:STM32446Tim14_uie	16	static
D:/Embedded/STM32F446RE/workspace/Project-2/Library/stm32446tim9to14.c:1337:9:STM32446Tim14_cc2of	8	static
D:/Embedded/STM32F446RE/workspace/Project-2/Library/stm32446tim9to14.c:1341:6:STM32446Tim14_clear_cc2of	8	static
D:/Embedded/STM32F446RE/workspace/Project-2/Library/stm32446tim9to14.c:1345:9:STM32446Tim14_cc1of	8	static
D:/Embedded/STM32F446RE/workspace/Project-2/Library/stm32446tim9to14.c:1349:6:STM32446Tim14_clear_cc1of	8	static
D:/Embedded/STM32F446RE/workspace/Project-2/Library/stm32446tim9to14.c:1353:9:STM32446Tim14_tif	8	static
D:/Embedded/STM32F446RE/workspace/Project-2/Library/stm32446tim9to14.c:1357:6:STM32446Tim14_clear_tif	8	static
D:/Embedded/STM32F446RE/workspace/Project-2/Library/stm32446tim9to14.c:1361:9:STM32446Tim14_cc2if	8	static
D:/Embedded/STM32F446RE/workspace/Project-2/Library/stm32446tim9to14.c:1365:6:STM32446Tim14_clear_cc2if	8	static
D:/Embedded/STM32F446RE/workspace/Project-2/Library/stm32446tim9to14.c:1369:9:STM32446Tim14_cc1if	8	static
D:/Embedded/STM32F446RE/workspace/Project-2/Library/stm32446tim9to14.c:1373:6:STM32446Tim14_clear_cc1if	8	static
D:/Embedded/STM32F446RE/workspace/Project-2/Library/stm32446tim9to14.c:1377:9:STM32446Tim14_uif	8	static
D:/Embedded/STM32F446RE/workspace/Project-2/Library/stm32446tim9to14.c:1381:6:STM32446Tim14_clear_uif	8	static
D:/Embedded/STM32F446RE/workspace/Project-2/Library/stm32446tim9to14.c:1386:6:STM32446Tim14_tg	8	static
D:/Embedded/STM32F446RE/workspace/Project-2/Library/stm32446tim9to14.c:1390:6:STM32446Tim14_cc2g	8	static
D:/Embedded/STM32F446RE/workspace/Project-2/Library/stm32446tim9to14.c:1394:6:STM32446Tim14_cc1g	8	static
D:/Embedded/STM32F446RE/workspace/Project-2/Library/stm32446tim9to14.c:1398:6:STM32446Tim14_ug	8	static
D:/Embedded/STM32F446RE/workspace/Project-2/Library/stm32446tim9to14.c:1403:6:STM32446Tim14_oc2m	16	static
D:/Embedded/STM32F446RE/workspace/Project-2/Library/stm32446tim9to14.c:1407:6:STM32446Tim14_ic2f	16	static
D:/Embedded/STM32F446RE/workspace/Project-2/Library/stm32446tim9to14.c:1411:6:STM32446Tim14_oc2pe	16	static
D:/Embedded/STM32F446RE/workspace/Project-2/Library/stm32446tim9to14.c:1415:6:STM32446Tim14_oc2fe	16	static
D:/Embedded/STM32F446RE/workspace/Project-2/Library/stm32446tim9to14.c:1419:6:STM32446Tim14_ic2psc	16	static
D:/Embedded/STM32F446RE/workspace/Project-2/Library/stm32446tim9to14.c:1423:6:STM32446Tim14_cc2s	16	static
D:/Embedded/STM32F446RE/workspace/Project-2/Library/stm32446tim9to14.c:1427:6:STM32446Tim14_oc1m	16	static
D:/Embedded/STM32F446RE/workspace/Project-2/Library/stm32446tim9to14.c:1431:6:STM32446Tim14_ic1f	16	static
D:/Embedded/STM32F446RE/workspace/Project-2/Library/stm32446tim9to14.c:1435:6:STM32446Tim14_oc1pe	16	static
D:/Embedded/STM32F446RE/workspace/Project-2/Library/stm32446tim9to14.c:1439:6:STM32446Tim14_oc1fe	16	static
D:/Embedded/STM32F446RE/workspace/Project-2/Library/stm32446tim9to14.c:1443:6:STM32446Tim14_ic1psc	16	static
D:/Embedded/STM32F446RE/workspace/Project-2/Library/stm32446tim9to14.c:1447:6:STM32446Tim14_cc1s	16	static
D:/Embedded/STM32F446RE/workspace/Project-2/Library/stm32446tim9to14.c:1452:6:STM32446Tim14_cc2np	16	static
D:/Embedded/STM32F446RE/workspace/Project-2/Library/stm32446tim9to14.c:1456:6:STM32446Tim14_cc2p	16	static
D:/Embedded/STM32F446RE/workspace/Project-2/Library/stm32446tim9to14.c:1460:6:STM32446Tim14_cc2e	16	static
D:/Embedded/STM32F446RE/workspace/Project-2/Library/stm32446tim9to14.c:1464:6:STM32446Tim14_cc1np	16	static
D:/Embedded/STM32F446RE/workspace/Project-2/Library/stm32446tim9to14.c:1468:6:STM32446Tim14_cc1p	16	static
D:/Embedded/STM32F446RE/workspace/Project-2/Library/stm32446tim9to14.c:1472:6:STM32446Tim14_cc1e	16	static
D:/Embedded/STM32F446RE/workspace/Project-2/Library/stm32446tim9to14.c:1477:6:STM32446Tim14_cnt	16	static
D:/Embedded/STM32F446RE/workspace/Project-2/Library/stm32446tim9to14.c:1481:10:STM32446Tim14_get_cnt	4	static
D:/Embedded/STM32F446RE/workspace/Project-2/Library/stm32446tim9to14.c:1486:6:STM32446Tim14_psc	16	static
D:/Embedded/STM32F446RE/workspace/Project-2/Library/stm32446tim9to14.c:1491:6:STM32446Tim14_arr	16	static
D:/Embedded/STM32F446RE/workspace/Project-2/Library/stm32446tim9to14.c:1496:6:STM32446Tim14_ccr1	16	static
D:/Embedded/STM32F446RE/workspace/Project-2/Library/stm32446tim9to14.c:1501:6:STM32446Tim14_or	16	static
D:/Embedded/STM32F446RE/workspace/Project-2/Library/stm32446tim9to14.c:1506:19:stm32446_tim9_cr1_inic	4	static
D:/Embedded/STM32F446RE/workspace/Project-2/Library/stm32446tim9to14.c:1518:20:stm32446_tim9_smcr_inic	4	static
D:/Embedded/STM32F446RE/workspace/Project-2/Library/stm32446tim9to14.c:1527:20:stm32446_tim9_dier_inic	4	static
D:/Embedded/STM32F446RE/workspace/Project-2/Library/stm32446tim9to14.c:1537:18:stm32446_tim9_sr_inic	4	static
D:/Embedded/STM32F446RE/workspace/Project-2/Library/stm32446tim9to14.c:1555:19:stm32446_tim9_egr_inic	4	static
D:/Embedded/STM32F446RE/workspace/Project-2/Library/stm32446tim9to14.c:1565:21:stm32446_tim9_ccmr1_inic	4	static
D:/Embedded/STM32F446RE/workspace/Project-2/Library/stm32446tim9to14.c:1583:20:stm32446_tim9_ccer_inic	4	static
D:/Embedded/STM32F446RE/workspace/Project-2/Library/stm32446tim9to14.c:1596:17:tim9_enable	24	static
D:/Embedded/STM32F446RE/workspace/Project-2/Library/stm32446tim9to14.c:1621:18:tim9	4	static
D:/Embedded/STM32F446RE/workspace/Project-2/Library/stm32446tim9to14.c:1624:20:stm32446_tim10_cr1_inic	4	static
D:/Embedded/STM32F446RE/workspace/Project-2/Library/stm32446tim9to14.c:1635:21:stm32446_tim10_dier_inic	4	static
D:/Embedded/STM32F446RE/workspace/Project-2/Library/stm32446tim9to14.c:1643:19:stm32446_tim10_sr_inic	4	static
D:/Embedded/STM32F446RE/workspace/Project-2/Library/stm32446tim9to14.c:1655:20:stm32446_tim10_egr_inic	4	static
D:/Embedded/STM32F446RE/workspace/Project-2/Library/stm32446tim9to14.c:1663:22:stm32446_tim10_ccmr1_inic	4	static
D:/Embedded/STM32F446RE/workspace/Project-2/Library/stm32446tim9to14.c:1675:21:stm32446_tim10_ccer_inic	4	static
D:/Embedded/STM32F446RE/workspace/Project-2/Library/stm32446tim9to14.c:1685:18:tim10_enable	24	static
D:/Embedded/STM32F446RE/workspace/Project-2/Library/stm32446tim9to14.c:1709:19:tim10	4	static
D:/Embedded/STM32F446RE/workspace/Project-2/Library/stm32446tim9to14.c:1712:20:stm32446_tim11_cr1_inic	4	static
D:/Embedded/STM32F446RE/workspace/Project-2/Library/stm32446tim9to14.c:1723:21:stm32446_tim11_dier_inic	4	static
D:/Embedded/STM32F446RE/workspace/Project-2/Library/stm32446tim9to14.c:1731:19:stm32446_tim11_sr_inic	4	static
D:/Embedded/STM32F446RE/workspace/Project-2/Library/stm32446tim9to14.c:1743:20:stm32446_tim11_egr_inic	4	static
D:/Embedded/STM32F446RE/workspace/Project-2/Library/stm32446tim9to14.c:1751:22:stm32446_tim11_ccmr1_inic	4	static
D:/Embedded/STM32F446RE/workspace/Project-2/Library/stm32446tim9to14.c:1763:21:stm32446_tim11_ccer_inic	4	static
D:/Embedded/STM32F446RE/workspace/Project-2/Library/stm32446tim9to14.c:1773:18:tim11_enable	24	static
D:/Embedded/STM32F446RE/workspace/Project-2/Library/stm32446tim9to14.c:1797:19:tim11	4	static
D:/Embedded/STM32F446RE/workspace/Project-2/Library/stm32446tim9to14.c:1800:20:stm32446_tim12_cr1_inic	4	static
D:/Embedded/STM32F446RE/workspace/Project-2/Library/stm32446tim9to14.c:1812:21:stm32446_tim12_smcr_inic	4	static
D:/Embedded/STM32F446RE/workspace/Project-2/Library/stm32446tim9to14.c:1821:21:stm32446_tim12_dier_inic	4	static
D:/Embedded/STM32F446RE/workspace/Project-2/Library/stm32446tim9to14.c:1831:19:stm32446_tim12_sr_inic	4	static
D:/Embedded/STM32F446RE/workspace/Project-2/Library/stm32446tim9to14.c:1849:20:stm32446_tim12_egr_inic	4	static
D:/Embedded/STM32F446RE/workspace/Project-2/Library/stm32446tim9to14.c:1859:22:stm32446_tim12_ccmr1_inic	4	static
D:/Embedded/STM32F446RE/workspace/Project-2/Library/stm32446tim9to14.c:1877:21:stm32446_tim12_ccer_inic	4	static
D:/Embedded/STM32F446RE/workspace/Project-2/Library/stm32446tim9to14.c:1890:18:tim12_enable	24	static
D:/Embedded/STM32F446RE/workspace/Project-2/Library/stm32446tim9to14.c:1915:19:tim12	4	static
D:/Embedded/STM32F446RE/workspace/Project-2/Library/stm32446tim9to14.c:1918:20:stm32446_tim13_cr1_inic	4	static
D:/Embedded/STM32F446RE/workspace/Project-2/Library/stm32446tim9to14.c:1929:21:stm32446_tim13_dier_inic	4	static
D:/Embedded/STM32F446RE/workspace/Project-2/Library/stm32446tim9to14.c:1937:19:stm32446_tim13_sr_inic	4	static
D:/Embedded/STM32F446RE/workspace/Project-2/Library/stm32446tim9to14.c:1949:20:stm32446_tim13_egr_inic	4	static
D:/Embedded/STM32F446RE/workspace/Project-2/Library/stm32446tim9to14.c:1957:22:stm32446_tim13_ccmr1_inic	4	static
D:/Embedded/STM32F446RE/workspace/Project-2/Library/stm32446tim9to14.c:1969:21:stm32446_tim13_ccer_inic	4	static
D:/Embedded/STM32F446RE/workspace/Project-2/Library/stm32446tim9to14.c:1979:18:tim13_enable	24	static
D:/Embedded/STM32F446RE/workspace/Project-2/Library/stm32446tim9to14.c:2003:19:tim13	4	static
D:/Embedded/STM32F446RE/workspace/Project-2/Library/stm32446tim9to14.c:2006:20:stm32446_tim14_cr1_inic	4	static
D:/Embedded/STM32F446RE/workspace/Project-2/Library/stm32446tim9to14.c:2017:21:stm32446_tim14_dier_inic	4	static
D:/Embedded/STM32F446RE/workspace/Project-2/Library/stm32446tim9to14.c:2025:19:stm32446_tim14_sr_inic	4	static
D:/Embedded/STM32F446RE/workspace/Project-2/Library/stm32446tim9to14.c:2037:20:stm32446_tim14_egr_inic	4	static
D:/Embedded/STM32F446RE/workspace/Project-2/Library/stm32446tim9to14.c:2045:22:stm32446_tim14_ccmr1_inic	4	static
D:/Embedded/STM32F446RE/workspace/Project-2/Library/stm32446tim9to14.c:2057:21:stm32446_tim14_ccer_inic	4	static
D:/Embedded/STM32F446RE/workspace/Project-2/Library/stm32446tim9to14.c:2067:18:tim14_enable	24	static
D:/Embedded/STM32F446RE/workspace/Project-2/Library/stm32446tim9to14.c:2091:19:tim14	4	static
