D:/Embedded/STM32F446RE/workspace/Project-2/Library/stm32446tim1and8.c:68:6:STM32446Tim1Clock	16	static
D:/Embedded/STM32F446RE/workspace/Project-2/Library/stm32446tim1and8.c:72:6:STM32446Tim1Nvic	16	static
D:/Embedded/STM32F446RE/workspace/Project-2/Library/stm32446tim1and8.c:107:6:STM32446Tim1_ckd	16	static
D:/Embedded/STM32F446RE/workspace/Project-2/Library/stm32446tim1and8.c:111:9:STM32446Tim1_get_ckd	8	static
D:/Embedded/STM32F446RE/workspace/Project-2/Library/stm32446tim1and8.c:115:6:STM32446Tim1_set_apre	16	static
D:/Embedded/STM32F446RE/workspace/Project-2/Library/stm32446tim1and8.c:119:6:STM32446Tim1_set_cms	16	static
D:/Embedded/STM32F446RE/workspace/Project-2/Library/stm32446tim1and8.c:123:6:STM32446Tim1_set_dir	16	static
D:/Embedded/STM32F446RE/workspace/Project-2/Library/stm32446tim1and8.c:127:6:STM32446Tim1_set_opm	16	static
D:/Embedded/STM32F446RE/workspace/Project-2/Library/stm32446tim1and8.c:131:6:STM32446Tim1_set_urs	16	static
D:/Embedded/STM32F446RE/workspace/Project-2/Library/stm32446tim1and8.c:135:6:STM32446Tim1_set_udis	16	static
D:/Embedded/STM32F446RE/workspace/Project-2/Library/stm32446tim1and8.c:139:6:STM32446Tim1_cen	16	static
D:/Embedded/STM32F446RE/workspace/Project-2/Library/stm32446tim1and8.c:144:6:STM32446Tim1_ois4	16	static
D:/Embedded/STM32F446RE/workspace/Project-2/Library/stm32446tim1and8.c:148:6:STM32446Tim1_ois3n	16	static
D:/Embedded/STM32F446RE/workspace/Project-2/Library/stm32446tim1and8.c:152:6:STM32446Tim1_ois3	16	static
D:/Embedded/STM32F446RE/workspace/Project-2/Library/stm32446tim1and8.c:156:6:STM32446Tim1_ois2n	16	static
D:/Embedded/STM32F446RE/workspace/Project-2/Library/stm32446tim1and8.c:160:6:STM32446Tim1_ois2	16	static
D:/Embedded/STM32F446RE/workspace/Project-2/Library/stm32446tim1and8.c:164:6:STM32446Tim1_ois1n	16	static
D:/Embedded/STM32F446RE/workspace/Project-2/Library/stm32446tim1and8.c:168:6:STM32446Tim1_ois1	16	static
D:/Embedded/STM32F446RE/workspace/Project-2/Library/stm32446tim1and8.c:172:6:STM32446Tim1_ti1s	16	static
D:/Embedded/STM32F446RE/workspace/Project-2/Library/stm32446tim1and8.c:176:6:STM32446Tim1_mms	16	static
D:/Embedded/STM32F446RE/workspace/Project-2/Library/stm32446tim1and8.c:180:6:STM32446Tim1_ccds	16	static
D:/Embedded/STM32F446RE/workspace/Project-2/Library/stm32446tim1and8.c:184:6:STM32446Tim1_ccus	16	static
D:/Embedded/STM32F446RE/workspace/Project-2/Library/stm32446tim1and8.c:188:6:STM32446Tim1_ccpc	16	static
D:/Embedded/STM32F446RE/workspace/Project-2/Library/stm32446tim1and8.c:193:6:STM32446Tim1_etp	16	static
D:/Embedded/STM32F446RE/workspace/Project-2/Library/stm32446tim1and8.c:197:6:STM32446Tim1_ece	16	static
D:/Embedded/STM32F446RE/workspace/Project-2/Library/stm32446tim1and8.c:201:6:STM32446Tim1_etps	16	static
D:/Embedded/STM32F446RE/workspace/Project-2/Library/stm32446tim1and8.c:205:6:STM32446Tim1_etf	16	static
D:/Embedded/STM32F446RE/workspace/Project-2/Library/stm32446tim1and8.c:209:6:STM32446Tim1_msm	16	static
D:/Embedded/STM32F446RE/workspace/Project-2/Library/stm32446tim1and8.c:213:6:STM32446Tim1_ts	16	static
D:/Embedded/STM32F446RE/workspace/Project-2/Library/stm32446tim1and8.c:217:6:STM32446Tim1_sms	16	static
D:/Embedded/STM32F446RE/workspace/Project-2/Library/stm32446tim1and8.c:222:6:STM32446Tim1_tde	16	static
D:/Embedded/STM32F446RE/workspace/Project-2/Library/stm32446tim1and8.c:226:6:STM32446Tim1_comde	16	static
D:/Embedded/STM32F446RE/workspace/Project-2/Library/stm32446tim1and8.c:230:6:STM32446Tim1_cc4de	16	static
D:/Embedded/STM32F446RE/workspace/Project-2/Library/stm32446tim1and8.c:234:6:STM32446Tim1_cc3de	16	static
D:/Embedded/STM32F446RE/workspace/Project-2/Library/stm32446tim1and8.c:238:6:STM32446Tim1_cc2de	16	static
D:/Embedded/STM32F446RE/workspace/Project-2/Library/stm32446tim1and8.c:242:6:STM32446Tim1_cc1de	16	static
D:/Embedded/STM32F446RE/workspace/Project-2/Library/stm32446tim1and8.c:246:6:STM32446Tim1_ude	16	static
D:/Embedded/STM32F446RE/workspace/Project-2/Library/stm32446tim1and8.c:250:6:STM32446Tim1_bie	16	static
D:/Embedded/STM32F446RE/workspace/Project-2/Library/stm32446tim1and8.c:254:6:STM32446Tim1_tie	16	static
D:/Embedded/STM32F446RE/workspace/Project-2/Library/stm32446tim1and8.c:258:6:STM32446Tim1_comie	16	static
D:/Embedded/STM32F446RE/workspace/Project-2/Library/stm32446tim1and8.c:262:6:STM32446Tim1_cc4ie	16	static
D:/Embedded/STM32F446RE/workspace/Project-2/Library/stm32446tim1and8.c:266:6:STM32446Tim1_cc3ie	16	static
D:/Embedded/STM32F446RE/workspace/Project-2/Library/stm32446tim1and8.c:270:6:STM32446Tim1_cc2ie	16	static
D:/Embedded/STM32F446RE/workspace/Project-2/Library/stm32446tim1and8.c:274:6:STM32446Tim1_cc1ie	16	static
D:/Embedded/STM32F446RE/workspace/Project-2/Library/stm32446tim1and8.c:278:6:STM32446Tim1_uie	16	static
D:/Embedded/STM32F446RE/workspace/Project-2/Library/stm32446tim1and8.c:283:9:STM32446Tim1_cc4of	8	static
D:/Embedded/STM32F446RE/workspace/Project-2/Library/stm32446tim1and8.c:287:6:STM32446Tim1_clear_cc4of	8	static
D:/Embedded/STM32F446RE/workspace/Project-2/Library/stm32446tim1and8.c:291:9:STM32446Tim1_cc3of	8	static
D:/Embedded/STM32F446RE/workspace/Project-2/Library/stm32446tim1and8.c:295:6:STM32446Tim1_clear_cc3of	8	static
D:/Embedded/STM32F446RE/workspace/Project-2/Library/stm32446tim1and8.c:299:9:STM32446Tim1_cc2of	8	static
D:/Embedded/STM32F446RE/workspace/Project-2/Library/stm32446tim1and8.c:303:6:STM32446Tim1_clear_cc2of	8	static
D:/Embedded/STM32F446RE/workspace/Project-2/Library/stm32446tim1and8.c:307:9:STM32446Tim1_cc1of	8	static
D:/Embedded/STM32F446RE/workspace/Project-2/Library/stm32446tim1and8.c:311:6:STM32446Tim1_clear_cc1of	8	static
D:/Embedded/STM32F446RE/workspace/Project-2/Library/stm32446tim1and8.c:315:9:STM32446Tim1_bif	8	static
D:/Embedded/STM32F446RE/workspace/Project-2/Library/stm32446tim1and8.c:319:6:STM32446Tim1_clear_bif	8	static
D:/Embedded/STM32F446RE/workspace/Project-2/Library/stm32446tim1and8.c:323:9:STM32446Tim1_tif	8	static
D:/Embedded/STM32F446RE/workspace/Project-2/Library/stm32446tim1and8.c:327:6:STM32446Tim1_clear_tif	8	static
D:/Embedded/STM32F446RE/workspace/Project-2/Library/stm32446tim1and8.c:331:9:STM32446Tim1_comif	8	static
D:/Embedded/STM32F446RE/workspace/Project-2/Library/stm32446tim1and8.c:335:6:STM32446Tim1_clear_comif	8	static
D:/Embedded/STM32F446RE/workspace/Project-2/Library/stm32446tim1and8.c:339:9:STM32446Tim1_cc4if	8	static
D:/Embedded/STM32F446RE/workspace/Project-2/Library/stm32446tim1and8.c:343:6:STM32446Tim1_clear_cc4if	8	static
D:/Embedded/STM32F446RE/workspace/Project-2/Library/stm32446tim1and8.c:347:9:STM32446Tim1_cc3if	8	static
D:/Embedded/STM32F446RE/workspace/Project-2/Library/stm32446tim1and8.c:351:6:STM32446Tim1_clear_cc3if	8	static
D:/Embedded/STM32F446RE/workspace/Project-2/Library/stm32446tim1and8.c:355:9:STM32446Tim1_cc2if	8	static
D:/Embedded/STM32F446RE/workspace/Project-2/Library/stm32446tim1and8.c:359:6:STM32446Tim1_clear_cc2if	8	static
D:/Embedded/STM32F446RE/workspace/Project-2/Library/stm32446tim1and8.c:363:9:STM32446Tim1_cc1if	8	static
D:/Embedded/STM32F446RE/workspace/Project-2/Library/stm32446tim1and8.c:367:6:STM32446Tim1_clear_cc1if	8	static
D:/Embedded/STM32F446RE/workspace/Project-2/Library/stm32446tim1and8.c:371:9:STM32446Tim1_uif	8	static
D:/Embedded/STM32F446RE/workspace/Project-2/Library/stm32446tim1and8.c:375:6:STM32446Tim1_clear_uif	8	static
D:/Embedded/STM32F446RE/workspace/Project-2/Library/stm32446tim1and8.c:380:6:STM32446Tim1_bg	8	static
D:/Embedded/STM32F446RE/workspace/Project-2/Library/stm32446tim1and8.c:384:6:STM32446Tim1_tg	8	static
D:/Embedded/STM32F446RE/workspace/Project-2/Library/stm32446tim1and8.c:388:6:STM32446Tim1_comg	8	static
D:/Embedded/STM32F446RE/workspace/Project-2/Library/stm32446tim1and8.c:392:6:STM32446Tim1_cc4g	8	static
D:/Embedded/STM32F446RE/workspace/Project-2/Library/stm32446tim1and8.c:396:6:STM32446Tim1_cc3g	8	static
D:/Embedded/STM32F446RE/workspace/Project-2/Library/stm32446tim1and8.c:400:6:STM32446Tim1_cc2g	8	static
D:/Embedded/STM32F446RE/workspace/Project-2/Library/stm32446tim1and8.c:404:6:STM32446Tim1_cc1g	8	static
D:/Embedded/STM32F446RE/workspace/Project-2/Library/stm32446tim1and8.c:408:6:STM32446Tim1_ug	8	static
D:/Embedded/STM32F446RE/workspace/Project-2/Library/stm32446tim1and8.c:413:6:STM32446Tim1_oc2ce	16	static
D:/Embedded/STM32F446RE/workspace/Project-2/Library/stm32446tim1and8.c:417:6:STM32446Tim1_oc2m	16	static
D:/Embedded/STM32F446RE/workspace/Project-2/Library/stm32446tim1and8.c:421:6:STM32446Tim1_ic2f	16	static
D:/Embedded/STM32F446RE/workspace/Project-2/Library/stm32446tim1and8.c:425:6:STM32446Tim1_oc2pe	16	static
D:/Embedded/STM32F446RE/workspace/Project-2/Library/stm32446tim1and8.c:429:6:STM32446Tim1_oc2fe	16	static
D:/Embedded/STM32F446RE/workspace/Project-2/Library/stm32446tim1and8.c:433:6:STM32446Tim1_ic2psc	16	static
D:/Embedded/STM32F446RE/workspace/Project-2/Library/stm32446tim1and8.c:437:6:STM32446Tim1_cc2s	16	static
D:/Embedded/STM32F446RE/workspace/Project-2/Library/stm32446tim1and8.c:441:6:STM32446Tim1_oc1ce	16	static
D:/Embedded/STM32F446RE/workspace/Project-2/Library/stm32446tim1and8.c:445:6:STM32446Tim1_oc1m	16	static
D:/Embedded/STM32F446RE/workspace/Project-2/Library/stm32446tim1and8.c:449:6:STM32446Tim1_ic1f	16	static
D:/Embedded/STM32F446RE/workspace/Project-2/Library/stm32446tim1and8.c:453:6:STM32446Tim1_oc1pe	16	static
D:/Embedded/STM32F446RE/workspace/Project-2/Library/stm32446tim1and8.c:457:6:STM32446Tim1_oc1fe	16	static
D:/Embedded/STM32F446RE/workspace/Project-2/Library/stm32446tim1and8.c:461:6:STM32446Tim1_ic1psc	16	static
D:/Embedded/STM32F446RE/workspace/Project-2/Library/stm32446tim1and8.c:465:6:STM32446Tim1_cc1s	16	static
D:/Embedded/STM32F446RE/workspace/Project-2/Library/stm32446tim1and8.c:470:6:STM32446Tim1_oc4ce	16	static
D:/Embedded/STM32F446RE/workspace/Project-2/Library/stm32446tim1and8.c:474:6:STM32446Tim1_oc4m	16	static
D:/Embedded/STM32F446RE/workspace/Project-2/Library/stm32446tim1and8.c:478:6:STM32446Tim1_ic4f	16	static
D:/Embedded/STM32F446RE/workspace/Project-2/Library/stm32446tim1and8.c:482:6:STM32446Tim1_oc4pe	16	static
D:/Embedded/STM32F446RE/workspace/Project-2/Library/stm32446tim1and8.c:486:6:STM32446Tim1_oc4fe	16	static
D:/Embedded/STM32F446RE/workspace/Project-2/Library/stm32446tim1and8.c:490:6:STM32446Tim1_ic4psc	16	static
D:/Embedded/STM32F446RE/workspace/Project-2/Library/stm32446tim1and8.c:494:6:STM32446Tim1_cc4s	16	static
D:/Embedded/STM32F446RE/workspace/Project-2/Library/stm32446tim1and8.c:498:6:STM32446Tim1_oc3ce	16	static
D:/Embedded/STM32F446RE/workspace/Project-2/Library/stm32446tim1and8.c:502:6:STM32446Tim1_oc3m	16	static
D:/Embedded/STM32F446RE/workspace/Project-2/Library/stm32446tim1and8.c:506:6:STM32446Tim1_ic3f	16	static
D:/Embedded/STM32F446RE/workspace/Project-2/Library/stm32446tim1and8.c:510:6:STM32446Tim1_oc3pe	16	static
D:/Embedded/STM32F446RE/workspace/Project-2/Library/stm32446tim1and8.c:514:6:STM32446Tim1_oc3fe	16	static
D:/Embedded/STM32F446RE/workspace/Project-2/Library/stm32446tim1and8.c:518:6:STM32446Tim1_ic3psc	16	static
D:/Embedded/STM32F446RE/workspace/Project-2/Library/stm32446tim1and8.c:522:6:STM32446Tim1_cc3s	16	static
D:/Embedded/STM32F446RE/workspace/Project-2/Library/stm32446tim1and8.c:527:6:STM32446Tim1_cc4np	16	static
D:/Embedded/STM32F446RE/workspace/Project-2/Library/stm32446tim1and8.c:531:6:STM32446Tim1_cc4p	16	static
D:/Embedded/STM32F446RE/workspace/Project-2/Library/stm32446tim1and8.c:535:6:STM32446Tim1_cc4e	16	static
D:/Embedded/STM32F446RE/workspace/Project-2/Library/stm32446tim1and8.c:539:6:STM32446Tim1_cc3np	16	static
D:/Embedded/STM32F446RE/workspace/Project-2/Library/stm32446tim1and8.c:543:6:STM32446Tim1_cc3ne	16	static
D:/Embedded/STM32F446RE/workspace/Project-2/Library/stm32446tim1and8.c:547:6:STM32446Tim1_cc3p	16	static
D:/Embedded/STM32F446RE/workspace/Project-2/Library/stm32446tim1and8.c:551:6:STM32446Tim1_cc3e	16	static
D:/Embedded/STM32F446RE/workspace/Project-2/Library/stm32446tim1and8.c:555:6:STM32446Tim1_cc2np	16	static
D:/Embedded/STM32F446RE/workspace/Project-2/Library/stm32446tim1and8.c:559:6:STM32446Tim1_cc2ne	16	static
D:/Embedded/STM32F446RE/workspace/Project-2/Library/stm32446tim1and8.c:563:6:STM32446Tim1_cc2p	16	static
D:/Embedded/STM32F446RE/workspace/Project-2/Library/stm32446tim1and8.c:567:6:STM32446Tim1_cc2e	16	static
D:/Embedded/STM32F446RE/workspace/Project-2/Library/stm32446tim1and8.c:571:6:STM32446Tim1_cc1np	16	static
D:/Embedded/STM32F446RE/workspace/Project-2/Library/stm32446tim1and8.c:575:6:STM32446Tim1_cc1ne	16	static
D:/Embedded/STM32F446RE/workspace/Project-2/Library/stm32446tim1and8.c:579:6:STM32446Tim1_cc1p	16	static
D:/Embedded/STM32F446RE/workspace/Project-2/Library/stm32446tim1and8.c:583:6:STM32446Tim1_cc1e	16	static
D:/Embedded/STM32F446RE/workspace/Project-2/Library/stm32446tim1and8.c:588:6:STM32446Tim1_cnt	16	static
D:/Embedded/STM32F446RE/workspace/Project-2/Library/stm32446tim1and8.c:592:10:STM32446Tim1_get_cnt	4	static
D:/Embedded/STM32F446RE/workspace/Project-2/Library/stm32446tim1and8.c:597:6:STM32446Tim1_psc	16	static
D:/Embedded/STM32F446RE/workspace/Project-2/Library/stm32446tim1and8.c:602:6:STM32446Tim1_arr	16	static
D:/Embedded/STM32F446RE/workspace/Project-2/Library/stm32446tim1and8.c:607:6:STM32446Tim1_rcr	16	static
D:/Embedded/STM32F446RE/workspace/Project-2/Library/stm32446tim1and8.c:612:6:STM32446Tim1_ccr1	16	static
D:/Embedded/STM32F446RE/workspace/Project-2/Library/stm32446tim1and8.c:617:6:STM32446Tim1_ccr2	16	static
D:/Embedded/STM32F446RE/workspace/Project-2/Library/stm32446tim1and8.c:622:6:STM32446Tim1_ccr3	16	static
D:/Embedded/STM32F446RE/workspace/Project-2/Library/stm32446tim1and8.c:627:6:STM32446Tim1_ccr4	16	static
D:/Embedded/STM32F446RE/workspace/Project-2/Library/stm32446tim1and8.c:632:6:STM32446Tim1_moe	16	static
D:/Embedded/STM32F446RE/workspace/Project-2/Library/stm32446tim1and8.c:636:6:STM32446Tim1_aoe	16	static
D:/Embedded/STM32F446RE/workspace/Project-2/Library/stm32446tim1and8.c:640:6:STM32446Tim1_bkp	16	static
D:/Embedded/STM32F446RE/workspace/Project-2/Library/stm32446tim1and8.c:644:6:STM32446Tim1_bke	16	static
D:/Embedded/STM32F446RE/workspace/Project-2/Library/stm32446tim1and8.c:648:6:STM32446Tim1_ossr	16	static
D:/Embedded/STM32F446RE/workspace/Project-2/Library/stm32446tim1and8.c:652:6:STM32446Tim1_ossi	16	static
D:/Embedded/STM32F446RE/workspace/Project-2/Library/stm32446tim1and8.c:656:6:STM32446Tim1_lock	16	static
D:/Embedded/STM32F446RE/workspace/Project-2/Library/stm32446tim1and8.c:660:6:STM32446Tim1_dtg	16	static
D:/Embedded/STM32F446RE/workspace/Project-2/Library/stm32446tim1and8.c:665:6:STM32446Tim1_dbl	16	static
D:/Embedded/STM32F446RE/workspace/Project-2/Library/stm32446tim1and8.c:669:6:STM32446Tim1_dba	16	static
D:/Embedded/STM32F446RE/workspace/Project-2/Library/stm32446tim1and8.c:674:6:STM32446Tim1_dmab	16	static
D:/Embedded/STM32F446RE/workspace/Project-2/Library/stm32446tim1and8.c:678:10:STM32446Tim1_get_dmab	4	static
D:/Embedded/STM32F446RE/workspace/Project-2/Library/stm32446tim1and8.c:685:6:STM32446Tim8Clock	16	static
D:/Embedded/STM32F446RE/workspace/Project-2/Library/stm32446tim1and8.c:689:6:STM32446Tim8Nvic	16	static
D:/Embedded/STM32F446RE/workspace/Project-2/Library/stm32446tim1and8.c:724:6:STM32446Tim8_ckd	16	static
D:/Embedded/STM32F446RE/workspace/Project-2/Library/stm32446tim1and8.c:728:9:STM32446Tim8_get_ckd	8	static
D:/Embedded/STM32F446RE/workspace/Project-2/Library/stm32446tim1and8.c:732:6:STM32446Tim8_set_apre	16	static
D:/Embedded/STM32F446RE/workspace/Project-2/Library/stm32446tim1and8.c:736:6:STM32446Tim8_set_cms	16	static
D:/Embedded/STM32F446RE/workspace/Project-2/Library/stm32446tim1and8.c:740:6:STM32446Tim8_set_dir	16	static
D:/Embedded/STM32F446RE/workspace/Project-2/Library/stm32446tim1and8.c:744:6:STM32446Tim8_set_opm	16	static
D:/Embedded/STM32F446RE/workspace/Project-2/Library/stm32446tim1and8.c:748:6:STM32446Tim8_set_urs	16	static
D:/Embedded/STM32F446RE/workspace/Project-2/Library/stm32446tim1and8.c:752:6:STM32446Tim8_set_udis	16	static
D:/Embedded/STM32F446RE/workspace/Project-2/Library/stm32446tim1and8.c:756:6:STM32446Tim8_cen	16	static
D:/Embedded/STM32F446RE/workspace/Project-2/Library/stm32446tim1and8.c:761:6:STM32446Tim8_ois4	16	static
D:/Embedded/STM32F446RE/workspace/Project-2/Library/stm32446tim1and8.c:765:6:STM32446Tim8_ois3n	16	static
D:/Embedded/STM32F446RE/workspace/Project-2/Library/stm32446tim1and8.c:769:6:STM32446Tim8_ois3	16	static
D:/Embedded/STM32F446RE/workspace/Project-2/Library/stm32446tim1and8.c:773:6:STM32446Tim8_ois2n	16	static
D:/Embedded/STM32F446RE/workspace/Project-2/Library/stm32446tim1and8.c:777:6:STM32446Tim8_ois2	16	static
D:/Embedded/STM32F446RE/workspace/Project-2/Library/stm32446tim1and8.c:781:6:STM32446Tim8_ois1n	16	static
D:/Embedded/STM32F446RE/workspace/Project-2/Library/stm32446tim1and8.c:785:6:STM32446Tim8_ois1	16	static
D:/Embedded/STM32F446RE/workspace/Project-2/Library/stm32446tim1and8.c:789:6:STM32446Tim8_ti1s	16	static
D:/Embedded/STM32F446RE/workspace/Project-2/Library/stm32446tim1and8.c:793:6:STM32446Tim8_mms	16	static
D:/Embedded/STM32F446RE/workspace/Project-2/Library/stm32446tim1and8.c:797:6:STM32446Tim8_ccds	16	static
D:/Embedded/STM32F446RE/workspace/Project-2/Library/stm32446tim1and8.c:801:6:STM32446Tim8_ccus	16	static
D:/Embedded/STM32F446RE/workspace/Project-2/Library/stm32446tim1and8.c:805:6:STM32446Tim8_ccpc	16	static
D:/Embedded/STM32F446RE/workspace/Project-2/Library/stm32446tim1and8.c:810:6:STM32446Tim8_etp	16	static
D:/Embedded/STM32F446RE/workspace/Project-2/Library/stm32446tim1and8.c:814:6:STM32446Tim8_ece	16	static
D:/Embedded/STM32F446RE/workspace/Project-2/Library/stm32446tim1and8.c:818:6:STM32446Tim8_etps	16	static
D:/Embedded/STM32F446RE/workspace/Project-2/Library/stm32446tim1and8.c:822:6:STM32446Tim8_etf	16	static
D:/Embedded/STM32F446RE/workspace/Project-2/Library/stm32446tim1and8.c:826:6:STM32446Tim8_msm	16	static
D:/Embedded/STM32F446RE/workspace/Project-2/Library/stm32446tim1and8.c:830:6:STM32446Tim8_ts	16	static
D:/Embedded/STM32F446RE/workspace/Project-2/Library/stm32446tim1and8.c:834:6:STM32446Tim8_sms	16	static
D:/Embedded/STM32F446RE/workspace/Project-2/Library/stm32446tim1and8.c:839:6:STM32446Tim8_tde	16	static
D:/Embedded/STM32F446RE/workspace/Project-2/Library/stm32446tim1and8.c:843:6:STM32446Tim8_comde	16	static
D:/Embedded/STM32F446RE/workspace/Project-2/Library/stm32446tim1and8.c:847:6:STM32446Tim8_cc4de	16	static
D:/Embedded/STM32F446RE/workspace/Project-2/Library/stm32446tim1and8.c:851:6:STM32446Tim8_cc3de	16	static
D:/Embedded/STM32F446RE/workspace/Project-2/Library/stm32446tim1and8.c:855:6:STM32446Tim8_cc2de	16	static
D:/Embedded/STM32F446RE/workspace/Project-2/Library/stm32446tim1and8.c:859:6:STM32446Tim8_cc1de	16	static
D:/Embedded/STM32F446RE/workspace/Project-2/Library/stm32446tim1and8.c:863:6:STM32446Tim8_ude	16	static
D:/Embedded/STM32F446RE/workspace/Project-2/Library/stm32446tim1and8.c:867:6:STM32446Tim8_bie	16	static
D:/Embedded/STM32F446RE/workspace/Project-2/Library/stm32446tim1and8.c:871:6:STM32446Tim8_tie	16	static
D:/Embedded/STM32F446RE/workspace/Project-2/Library/stm32446tim1and8.c:875:6:STM32446Tim8_comie	16	static
D:/Embedded/STM32F446RE/workspace/Project-2/Library/stm32446tim1and8.c:879:6:STM32446Tim8_cc4ie	16	static
D:/Embedded/STM32F446RE/workspace/Project-2/Library/stm32446tim1and8.c:883:6:STM32446Tim8_cc3ie	16	static
D:/Embedded/STM32F446RE/workspace/Project-2/Library/stm32446tim1and8.c:887:6:STM32446Tim8_cc2ie	16	static
D:/Embedded/STM32F446RE/workspace/Project-2/Library/stm32446tim1and8.c:891:6:STM32446Tim8_cc1ie	16	static
D:/Embedded/STM32F446RE/workspace/Project-2/Library/stm32446tim1and8.c:895:6:STM32446Tim8_uie	16	static
D:/Embedded/STM32F446RE/workspace/Project-2/Library/stm32446tim1and8.c:900:9:STM32446Tim8_cc4of	8	static
D:/Embedded/STM32F446RE/workspace/Project-2/Library/stm32446tim1and8.c:904:6:STM32446Tim8_clear_cc4of	8	static
D:/Embedded/STM32F446RE/workspace/Project-2/Library/stm32446tim1and8.c:908:9:STM32446Tim8_cc3of	8	static
D:/Embedded/STM32F446RE/workspace/Project-2/Library/stm32446tim1and8.c:912:6:STM32446Tim8_clear_cc3of	8	static
D:/Embedded/STM32F446RE/workspace/Project-2/Library/stm32446tim1and8.c:916:9:STM32446Tim8_cc2of	8	static
D:/Embedded/STM32F446RE/workspace/Project-2/Library/stm32446tim1and8.c:920:6:STM32446Tim8_clear_cc2of	8	static
D:/Embedded/STM32F446RE/workspace/Project-2/Library/stm32446tim1and8.c:924:9:STM32446Tim8_cc1of	8	static
D:/Embedded/STM32F446RE/workspace/Project-2/Library/stm32446tim1and8.c:928:6:STM32446Tim8_clear_cc1of	8	static
D:/Embedded/STM32F446RE/workspace/Project-2/Library/stm32446tim1and8.c:932:9:STM32446Tim8_bif	8	static
D:/Embedded/STM32F446RE/workspace/Project-2/Library/stm32446tim1and8.c:936:6:STM32446Tim8_clear_bif	8	static
D:/Embedded/STM32F446RE/workspace/Project-2/Library/stm32446tim1and8.c:940:9:STM32446Tim8_tif	8	static
D:/Embedded/STM32F446RE/workspace/Project-2/Library/stm32446tim1and8.c:944:6:STM32446Tim8_clear_tif	8	static
D:/Embedded/STM32F446RE/workspace/Project-2/Library/stm32446tim1and8.c:948:9:STM32446Tim8_comif	8	static
D:/Embedded/STM32F446RE/workspace/Project-2/Library/stm32446tim1and8.c:952:6:STM32446Tim8_clear_comif	8	static
D:/Embedded/STM32F446RE/workspace/Project-2/Library/stm32446tim1and8.c:956:9:STM32446Tim8_cc4if	8	static
D:/Embedded/STM32F446RE/workspace/Project-2/Library/stm32446tim1and8.c:960:6:STM32446Tim8_clear_cc4if	8	static
D:/Embedded/STM32F446RE/workspace/Project-2/Library/stm32446tim1and8.c:964:9:STM32446Tim8_cc3if	8	static
D:/Embedded/STM32F446RE/workspace/Project-2/Library/stm32446tim1and8.c:968:6:STM32446Tim8_clear_cc3if	8	static
D:/Embedded/STM32F446RE/workspace/Project-2/Library/stm32446tim1and8.c:972:9:STM32446Tim8_cc2if	8	static
D:/Embedded/STM32F446RE/workspace/Project-2/Library/stm32446tim1and8.c:976:6:STM32446Tim8_clear_cc2if	8	static
D:/Embedded/STM32F446RE/workspace/Project-2/Library/stm32446tim1and8.c:980:9:STM32446Tim8_cc1if	8	static
D:/Embedded/STM32F446RE/workspace/Project-2/Library/stm32446tim1and8.c:984:6:STM32446Tim8_clear_cc1if	8	static
D:/Embedded/STM32F446RE/workspace/Project-2/Library/stm32446tim1and8.c:988:9:STM32446Tim8_uif	8	static
D:/Embedded/STM32F446RE/workspace/Project-2/Library/stm32446tim1and8.c:992:6:STM32446Tim8_clear_uif	8	static
D:/Embedded/STM32F446RE/workspace/Project-2/Library/stm32446tim1and8.c:997:6:STM32446Tim8_bg	8	static
D:/Embedded/STM32F446RE/workspace/Project-2/Library/stm32446tim1and8.c:1001:6:STM32446Tim8_tg	8	static
D:/Embedded/STM32F446RE/workspace/Project-2/Library/stm32446tim1and8.c:1005:6:STM32446Tim8_comg	8	static
D:/Embedded/STM32F446RE/workspace/Project-2/Library/stm32446tim1and8.c:1009:6:STM32446Tim8_cc4g	8	static
D:/Embedded/STM32F446RE/workspace/Project-2/Library/stm32446tim1and8.c:1013:6:STM32446Tim8_cc3g	8	static
D:/Embedded/STM32F446RE/workspace/Project-2/Library/stm32446tim1and8.c:1017:6:STM32446Tim8_cc2g	8	static
D:/Embedded/STM32F446RE/workspace/Project-2/Library/stm32446tim1and8.c:1021:6:STM32446Tim8_cc1g	8	static
D:/Embedded/STM32F446RE/workspace/Project-2/Library/stm32446tim1and8.c:1025:6:STM32446Tim8_ug	8	static
D:/Embedded/STM32F446RE/workspace/Project-2/Library/stm32446tim1and8.c:1030:6:STM32446Tim8_oc2ce	16	static
D:/Embedded/STM32F446RE/workspace/Project-2/Library/stm32446tim1and8.c:1034:6:STM32446Tim8_oc2m	16	static
D:/Embedded/STM32F446RE/workspace/Project-2/Library/stm32446tim1and8.c:1038:6:STM32446Tim8_ic2f	16	static
D:/Embedded/STM32F446RE/workspace/Project-2/Library/stm32446tim1and8.c:1042:6:STM32446Tim8_oc2pe	16	static
D:/Embedded/STM32F446RE/workspace/Project-2/Library/stm32446tim1and8.c:1046:6:STM32446Tim8_oc2fe	16	static
D:/Embedded/STM32F446RE/workspace/Project-2/Library/stm32446tim1and8.c:1050:6:STM32446Tim8_ic2psc	16	static
D:/Embedded/STM32F446RE/workspace/Project-2/Library/stm32446tim1and8.c:1054:6:STM32446Tim8_cc2s	16	static
D:/Embedded/STM32F446RE/workspace/Project-2/Library/stm32446tim1and8.c:1058:6:STM32446Tim8_oc1ce	16	static
D:/Embedded/STM32F446RE/workspace/Project-2/Library/stm32446tim1and8.c:1062:6:STM32446Tim8_oc1m	16	static
D:/Embedded/STM32F446RE/workspace/Project-2/Library/stm32446tim1and8.c:1066:6:STM32446Tim8_ic1f	16	static
D:/Embedded/STM32F446RE/workspace/Project-2/Library/stm32446tim1and8.c:1070:6:STM32446Tim8_oc1pe	16	static
D:/Embedded/STM32F446RE/workspace/Project-2/Library/stm32446tim1and8.c:1074:6:STM32446Tim8_oc1fe	16	static
D:/Embedded/STM32F446RE/workspace/Project-2/Library/stm32446tim1and8.c:1078:6:STM32446Tim8_ic1psc	16	static
D:/Embedded/STM32F446RE/workspace/Project-2/Library/stm32446tim1and8.c:1082:6:STM32446Tim8_cc1s	16	static
D:/Embedded/STM32F446RE/workspace/Project-2/Library/stm32446tim1and8.c:1087:6:STM32446Tim8_oc4ce	16	static
D:/Embedded/STM32F446RE/workspace/Project-2/Library/stm32446tim1and8.c:1091:6:STM32446Tim8_oc4m	16	static
D:/Embedded/STM32F446RE/workspace/Project-2/Library/stm32446tim1and8.c:1095:6:STM32446Tim8_ic4f	16	static
D:/Embedded/STM32F446RE/workspace/Project-2/Library/stm32446tim1and8.c:1099:6:STM32446Tim8_oc4pe	16	static
D:/Embedded/STM32F446RE/workspace/Project-2/Library/stm32446tim1and8.c:1103:6:STM32446Tim8_oc4fe	16	static
D:/Embedded/STM32F446RE/workspace/Project-2/Library/stm32446tim1and8.c:1107:6:STM32446Tim8_ic4psc	16	static
D:/Embedded/STM32F446RE/workspace/Project-2/Library/stm32446tim1and8.c:1111:6:STM32446Tim8_cc4s	16	static
D:/Embedded/STM32F446RE/workspace/Project-2/Library/stm32446tim1and8.c:1115:6:STM32446Tim8_oc3ce	16	static
D:/Embedded/STM32F446RE/workspace/Project-2/Library/stm32446tim1and8.c:1119:6:STM32446Tim8_oc3m	16	static
D:/Embedded/STM32F446RE/workspace/Project-2/Library/stm32446tim1and8.c:1123:6:STM32446Tim8_ic3f	16	static
D:/Embedded/STM32F446RE/workspace/Project-2/Library/stm32446tim1and8.c:1127:6:STM32446Tim8_oc3pe	16	static
D:/Embedded/STM32F446RE/workspace/Project-2/Library/stm32446tim1and8.c:1131:6:STM32446Tim8_oc3fe	16	static
D:/Embedded/STM32F446RE/workspace/Project-2/Library/stm32446tim1and8.c:1135:6:STM32446Tim8_ic3psc	16	static
D:/Embedded/STM32F446RE/workspace/Project-2/Library/stm32446tim1and8.c:1139:6:STM32446Tim8_cc3s	16	static
D:/Embedded/STM32F446RE/workspace/Project-2/Library/stm32446tim1and8.c:1144:6:STM32446Tim8_cc4np	16	static
D:/Embedded/STM32F446RE/workspace/Project-2/Library/stm32446tim1and8.c:1148:6:STM32446Tim8_cc4p	16	static
D:/Embedded/STM32F446RE/workspace/Project-2/Library/stm32446tim1and8.c:1152:6:STM32446Tim8_cc4e	16	static
D:/Embedded/STM32F446RE/workspace/Project-2/Library/stm32446tim1and8.c:1156:6:STM32446Tim8_cc3np	16	static
D:/Embedded/STM32F446RE/workspace/Project-2/Library/stm32446tim1and8.c:1160:6:STM32446Tim8_cc3ne	16	static
D:/Embedded/STM32F446RE/workspace/Project-2/Library/stm32446tim1and8.c:1164:6:STM32446Tim8_cc3p	16	static
D:/Embedded/STM32F446RE/workspace/Project-2/Library/stm32446tim1and8.c:1168:6:STM32446Tim8_cc3e	16	static
D:/Embedded/STM32F446RE/workspace/Project-2/Library/stm32446tim1and8.c:1172:6:STM32446Tim8_cc2np	16	static
D:/Embedded/STM32F446RE/workspace/Project-2/Library/stm32446tim1and8.c:1176:6:STM32446Tim8_cc2ne	16	static
D:/Embedded/STM32F446RE/workspace/Project-2/Library/stm32446tim1and8.c:1180:6:STM32446Tim8_cc2p	16	static
D:/Embedded/STM32F446RE/workspace/Project-2/Library/stm32446tim1and8.c:1184:6:STM32446Tim8_cc2e	16	static
D:/Embedded/STM32F446RE/workspace/Project-2/Library/stm32446tim1and8.c:1188:6:STM32446Tim8_cc1np	16	static
D:/Embedded/STM32F446RE/workspace/Project-2/Library/stm32446tim1and8.c:1192:6:STM32446Tim8_cc1ne	16	static
D:/Embedded/STM32F446RE/workspace/Project-2/Library/stm32446tim1and8.c:1196:6:STM32446Tim8_cc1p	16	static
D:/Embedded/STM32F446RE/workspace/Project-2/Library/stm32446tim1and8.c:1200:6:STM32446Tim8_cc1e	16	static
D:/Embedded/STM32F446RE/workspace/Project-2/Library/stm32446tim1and8.c:1205:6:STM32446Tim8_cnt	16	static
D:/Embedded/STM32F446RE/workspace/Project-2/Library/stm32446tim1and8.c:1209:10:STM32446Tim8_get_cnt	4	static
D:/Embedded/STM32F446RE/workspace/Project-2/Library/stm32446tim1and8.c:1214:6:STM32446Tim8_psc	16	static
D:/Embedded/STM32F446RE/workspace/Project-2/Library/stm32446tim1and8.c:1219:6:STM32446Tim8_arr	16	static
D:/Embedded/STM32F446RE/workspace/Project-2/Library/stm32446tim1and8.c:1224:6:STM32446Tim8_rcr	16	static
D:/Embedded/STM32F446RE/workspace/Project-2/Library/stm32446tim1and8.c:1229:6:STM32446Tim8_ccr1	16	static
D:/Embedded/STM32F446RE/workspace/Project-2/Library/stm32446tim1and8.c:1234:6:STM32446Tim8_ccr2	16	static
D:/Embedded/STM32F446RE/workspace/Project-2/Library/stm32446tim1and8.c:1239:6:STM32446Tim8_ccr3	16	static
D:/Embedded/STM32F446RE/workspace/Project-2/Library/stm32446tim1and8.c:1244:6:STM32446Tim8_ccr4	16	static
D:/Embedded/STM32F446RE/workspace/Project-2/Library/stm32446tim1and8.c:1249:6:STM32446Tim8_moe	16	static
D:/Embedded/STM32F446RE/workspace/Project-2/Library/stm32446tim1and8.c:1253:6:STM32446Tim8_aoe	16	static
D:/Embedded/STM32F446RE/workspace/Project-2/Library/stm32446tim1and8.c:1257:6:STM32446Tim8_bkp	16	static
D:/Embedded/STM32F446RE/workspace/Project-2/Library/stm32446tim1and8.c:1261:6:STM32446Tim8_bke	16	static
D:/Embedded/STM32F446RE/workspace/Project-2/Library/stm32446tim1and8.c:1265:6:STM32446Tim8_ossr	16	static
D:/Embedded/STM32F446RE/workspace/Project-2/Library/stm32446tim1and8.c:1269:6:STM32446Tim8_ossi	16	static
D:/Embedded/STM32F446RE/workspace/Project-2/Library/stm32446tim1and8.c:1273:6:STM32446Tim8_lock	16	static
D:/Embedded/STM32F446RE/workspace/Project-2/Library/stm32446tim1and8.c:1277:6:STM32446Tim8_dtg	16	static
D:/Embedded/STM32F446RE/workspace/Project-2/Library/stm32446tim1and8.c:1282:6:STM32446Tim8_dbl	16	static
D:/Embedded/STM32F446RE/workspace/Project-2/Library/stm32446tim1and8.c:1286:6:STM32446Tim8_dba	16	static
D:/Embedded/STM32F446RE/workspace/Project-2/Library/stm32446tim1and8.c:1291:6:STM32446Tim8_dmab	16	static
D:/Embedded/STM32F446RE/workspace/Project-2/Library/stm32446tim1and8.c:1295:10:STM32446Tim8_get_dmab	4	static
D:/Embedded/STM32F446RE/workspace/Project-2/Library/stm32446tim1and8.c:1303:19:stm32446_tim1_cr1_inic	4	static
D:/Embedded/STM32F446RE/workspace/Project-2/Library/stm32446tim1and8.c:1318:19:stm32446_tim1_cr2_inic	4	static
D:/Embedded/STM32F446RE/workspace/Project-2/Library/stm32446tim1and8.c:1334:20:stm32446_tim1_smcr_inic	4	static
D:/Embedded/STM32F446RE/workspace/Project-2/Library/stm32446tim1and8.c:1347:20:stm32446_tim1_dier_inic	4	static
D:/Embedded/STM32F446RE/workspace/Project-2/Library/stm32446tim1and8.c:1367:18:stm32446_tim1_sr_inic	4	static
D:/Embedded/STM32F446RE/workspace/Project-2/Library/stm32446tim1and8.c:1397:19:stm32446_tim1_egr_inic	4	static
D:/Embedded/STM32F446RE/workspace/Project-2/Library/stm32446tim1and8.c:1409:21:stm32446_tim1_ccmr1_inic	4	static
D:/Embedded/STM32F446RE/workspace/Project-2/Library/stm32446tim1and8.c:1429:21:stm32446_tim1_ccmr2_inic	4	static
D:/Embedded/STM32F446RE/workspace/Project-2/Library/stm32446tim1and8.c:1449:20:stm32446_tim1_ccer_inic	4	static
D:/Embedded/STM32F446RE/workspace/Project-2/Library/stm32446tim1and8.c:1469:20:stm32446_tim1_bdtr_inic	4	static
D:/Embedded/STM32F446RE/workspace/Project-2/Library/stm32446tim1and8.c:1483:19:stm32446_tim1_dcr_inic	4	static
D:/Embedded/STM32F446RE/workspace/Project-2/Library/stm32446tim1and8.c:1492:17:tim1_enable	16	static
D:/Embedded/STM32F446RE/workspace/Project-2/Library/stm32446tim1and8.c:1525:18:tim1	4	static
D:/Embedded/STM32F446RE/workspace/Project-2/Library/stm32446tim1and8.c:1528:19:stm32446_tim8_cr1_inic	4	static
D:/Embedded/STM32F446RE/workspace/Project-2/Library/stm32446tim1and8.c:1542:19:stm32446_tim8_cr2_inic	4	static
D:/Embedded/STM32F446RE/workspace/Project-2/Library/stm32446tim1and8.c:1558:20:stm32446_tim8_smcr_inic	4	static
D:/Embedded/STM32F446RE/workspace/Project-2/Library/stm32446tim1and8.c:1571:20:stm32446_tim8_dier_inic	4	static
D:/Embedded/STM32F446RE/workspace/Project-2/Library/stm32446tim1and8.c:1591:18:stm32446_tim8_sr_inic	4	static
D:/Embedded/STM32F446RE/workspace/Project-2/Library/stm32446tim1and8.c:1621:19:stm32446_tim8_egr_inic	4	static
D:/Embedded/STM32F446RE/workspace/Project-2/Library/stm32446tim1and8.c:1634:21:stm32446_tim8_ccmr1_inic	4	static
D:/Embedded/STM32F446RE/workspace/Project-2/Library/stm32446tim1and8.c:1654:21:stm32446_tim8_ccmr2_inic	4	static
D:/Embedded/STM32F446RE/workspace/Project-2/Library/stm32446tim1and8.c:1674:20:stm32446_tim8_ccer_inic	4	static
D:/Embedded/STM32F446RE/workspace/Project-2/Library/stm32446tim1and8.c:1694:20:stm32446_tim8_bdtr_inic	4	static
D:/Embedded/STM32F446RE/workspace/Project-2/Library/stm32446tim1and8.c:1708:19:stm32446_tim8_dcr_inic	4	static
D:/Embedded/STM32F446RE/workspace/Project-2/Library/stm32446tim1and8.c:1717:17:tim8_enable	16	static
D:/Embedded/STM32F446RE/workspace/Project-2/Library/stm32446tim1and8.c:1750:18:tim8	4	static
