D:/Embedded/STM32F446RE/workspace/Project-2/Library/stm32446pwr.c:24:6:STM32446PWR_cr_fissr	16	static
D:/Embedded/STM32F446RE/workspace/Project-2/Library/stm32446pwr.c:28:6:STM32446PWR_cr_fmssr	16	static
D:/Embedded/STM32F446RE/workspace/Project-2/Library/stm32446pwr.c:32:6:STM32446PWR_cr_uden	16	static
D:/Embedded/STM32F446RE/workspace/Project-2/Library/stm32446pwr.c:36:6:STM32446PWR_cr_odswen	16	static
D:/Embedded/STM32F446RE/workspace/Project-2/Library/stm32446pwr.c:40:6:STM32446PWR_cr_oden	16	static
D:/Embedded/STM32F446RE/workspace/Project-2/Library/stm32446pwr.c:44:6:STM32446PWR_cr_vos	16	static
D:/Embedded/STM32F446RE/workspace/Project-2/Library/stm32446pwr.c:48:6:STM32446PWR_cr_adcdc1	16	static
D:/Embedded/STM32F446RE/workspace/Project-2/Library/stm32446pwr.c:52:6:STM32446PWR_cr_mruds	16	static
D:/Embedded/STM32F446RE/workspace/Project-2/Library/stm32446pwr.c:56:6:STM32446PWR_cr_lpuds	16	static
D:/Embedded/STM32F446RE/workspace/Project-2/Library/stm32446pwr.c:60:6:STM32446PWR_cr_fpds	16	static
D:/Embedded/STM32F446RE/workspace/Project-2/Library/stm32446pwr.c:64:6:STM32446PWR_cr_dbp	16	static
D:/Embedded/STM32F446RE/workspace/Project-2/Library/stm32446pwr.c:68:6:STM32446PWR_cr_pls	16	static
D:/Embedded/STM32F446RE/workspace/Project-2/Library/stm32446pwr.c:72:9:STM32446PWR_cr_get_pls	8	static
D:/Embedded/STM32F446RE/workspace/Project-2/Library/stm32446pwr.c:76:6:STM32446PWR_cr_pvde	16	static
D:/Embedded/STM32F446RE/workspace/Project-2/Library/stm32446pwr.c:80:6:STM32446PWR_cr_clear_csbf	8	static
D:/Embedded/STM32F446RE/workspace/Project-2/Library/stm32446pwr.c:84:6:STM32446PWR_cr_clear_cwuf	8	static
D:/Embedded/STM32F446RE/workspace/Project-2/Library/stm32446pwr.c:88:6:STM32446PWR_cr_pdds	16	static
D:/Embedded/STM32F446RE/workspace/Project-2/Library/stm32446pwr.c:92:6:STM32446PWR_cr_lpds	16	static
D:/Embedded/STM32F446RE/workspace/Project-2/Library/stm32446pwr.c:97:9:STM32446PWR_udrdy	8	static
D:/Embedded/STM32F446RE/workspace/Project-2/Library/stm32446pwr.c:101:6:STM32446PWR_csr_clear_udrdy	8	static
D:/Embedded/STM32F446RE/workspace/Project-2/Library/stm32446pwr.c:105:9:STM32446PWR_csr_odswrdy	8	static
D:/Embedded/STM32F446RE/workspace/Project-2/Library/stm32446pwr.c:109:9:STM32446PWR_csr_odrdy	8	static
D:/Embedded/STM32F446RE/workspace/Project-2/Library/stm32446pwr.c:113:9:STM32446PWR_csr_vosrdy	8	static
D:/Embedded/STM32F446RE/workspace/Project-2/Library/stm32446pwr.c:117:6:STM32446PWR_csr_bre	16	static
D:/Embedded/STM32F446RE/workspace/Project-2/Library/stm32446pwr.c:121:6:STM32446PWR_csr_ewup1	16	static
D:/Embedded/STM32F446RE/workspace/Project-2/Library/stm32446pwr.c:125:6:STM32446PWR_csr_ewup2	16	static
D:/Embedded/STM32F446RE/workspace/Project-2/Library/stm32446pwr.c:129:9:STM32446PWR_csr_brr	8	static
D:/Embedded/STM32F446RE/workspace/Project-2/Library/stm32446pwr.c:133:9:STM32446PWR_csr_pvdo	8	static
D:/Embedded/STM32F446RE/workspace/Project-2/Library/stm32446pwr.c:137:9:STM32446PWR_csr_sbf	8	static
D:/Embedded/STM32F446RE/workspace/Project-2/Library/stm32446pwr.c:141:9:STM32446PWR_csr_wuf	8	static
D:/Embedded/STM32F446RE/workspace/Project-2/Library/stm32446pwr.c:146:6:STM32446PWR_clock	16	static
D:/Embedded/STM32F446RE/workspace/Project-2/Library/stm32446pwr.c:152:17:stm32446_pwr_cr_inic	4	static
D:/Embedded/STM32F446RE/workspace/Project-2/Library/stm32446pwr.c:176:18:stm32446_pwr_csr_inic	4	static
D:/Embedded/STM32F446RE/workspace/Project-2/Library/stm32446pwr.c:195:16:pwr_enable	16	static
D:/Embedded/STM32F446RE/workspace/Project-2/Library/stm32446pwr.c:206:17:pwr	4	static
