../Library/stm32fxxxrtc.c:81:16:rtc_enable	4	static
../Library/stm32fxxxrtc.c:115:16:rtc	4	static
../Library/stm32fxxxrtc.c:118:6:STM32FXXXConfigureRtcClock	16	static
../Library/stm32fxxxrtc.c:130:6:STM32FXXXConfigureRtcInterrupt	16	static
../Library/stm32fxxxrtc.c:150:6:STM32FXXXRtcInic	16	static
../Library/stm32fxxxrtc.c:169:6:STM32FXXXRtcBckWrite	16	static
../Library/stm32fxxxrtc.c:186:9:STM32FXXXRtcBckRead	24	static
../Library/stm32fxxxrtc.c:197:6:STM32FXXXRtcHour	24	static
../Library/stm32fxxxrtc.c:233:6:STM32FXXXRtcMinute	24	static
../Library/stm32fxxxrtc.c:269:6:STM32FXXXRtcSecond	24	static
../Library/stm32fxxxrtc.c:305:6:STM32FXXXRtcYear	24	static
../Library/stm32fxxxrtc.c:341:6:STM32FXXXRtcMonth	24	static
../Library/stm32fxxxrtc.c:377:6:STM32FXXXRtcWeekDay	24	static
../Library/stm32fxxxrtc.c:412:6:STM32FXXXRtcDay	24	static
../Library/stm32fxxxrtc.c:448:6:STM32FXXXRtcdr2vec	32	static
../Library/stm32fxxxrtc.c:479:6:STM32FXXXRtctr2vec	32	static
../Library/stm32fxxxrtc.c:507:9:STM32FXXXRtc_get_Year	16	static
../Library/stm32fxxxrtc.c:512:9:STM32FXXXRtc_get_Month	16	static
../Library/stm32fxxxrtc.c:517:9:STM32FXXXRtc_get_WeekDay	16	static
../Library/stm32fxxxrtc.c:523:9:STM32FXXXRtc_get_Day	16	static
../Library/stm32fxxxrtc.c:528:9:rtc_get_hthu	16	static
../Library/stm32fxxxrtc.c:534:9:rtc_get_mntmnu	16	static
../Library/stm32fxxxrtc.c:540:9:rtc_get_stsu	16	static
../Library/stm32fxxxrtc.c:546:9:rtc_get_st	16	static
../Library/stm32fxxxrtc.c:552:9:rtc_get_su	16	static
../Library/stm32fxxxrtc.c:558:10:rtc_get_ss	8	static
../Library/stm32fxxxrtc.c:564:9:STM32FXXXRtc_get_Hour	16	static
../Library/stm32fxxxrtc.c:569:9:STM32FXXXRtc_get_Minute	16	static
../Library/stm32fxxxrtc.c:574:9:STM32FXXXRtc_get_Second	16	static
../Library/stm32fxxxrtc.c:581:6:STM32FXXXPwrClock	16	static
../Library/stm32fxxxrtc.c:585:6:STM32FXXXBckSramClock	16	static
../Library/stm32fxxxrtc.c:592:6:STM32FXXXRtcWriteEnable	4	static
../Library/stm32fxxxrtc.c:596:6:STM32FXXXRtcWriteDisable	4	static
../Library/stm32fxxxrtc.c:600:6:STM32FXXXRtcRegUnlock	4	static
../Library/stm32fxxxrtc.c:605:6:STM32FXXXRtcRegWrite	24	static
../Library/stm32fxxxrtc.c:634:6:STM32FXXXRtcStopRead	4	static
../Library/stm32fxxxrtc.c:638:6:STM32FXXXRtcWaitRead	4	static
../Library/stm32fxxxrtc.c:643:6:STM32FXXXRtcSetTr	16	static
../Library/stm32fxxxrtc.c:650:6:STM32FXXXRtcSetDr	16	static
../Library/stm32fxxxrtc.c:658:6:rtc_bcd2dec	16	static
../Library/stm32fxxxrtc.c:662:6:rtc_dec2bcd	16	static
../Library/stm32fxxxrtc.c:666:6:rtc_lenable	24	static
../Library/stm32fxxxrtc.c:706:13:set_rtc_clock_source	16	static
../Library/stm32fxxxrtc.c:711:6:rtc_lselect	16	static
